../Core/Src/main.c:96:6:Array_test	16	static
../Core/Src/main.c:118:6:float_8bit	24	static
../Core/Src/main.c:125:7:bit8_to_float	24	static
../Core/Src/main.c:130:6:write_seq	208	static
../Core/Src/main.c:165:9:read_seq	208	static
../Core/Src/main.c:202:5:main	24	static
../Core/Src/main.c:329:6:SystemClock_Config	88	static
../Core/Src/main.c:375:13:MX_I2C1_Init	8	static
../Core/Src/main.c:409:13:MX_SPI1_Init	8	static
../Core/Src/main.c:447:13:MX_TIM1_Init	32	static
../Core/Src/main.c:493:13:MX_TIM2_Init	32	static
../Core/Src/main.c:538:13:MX_GPIO_Init	40	static
../Core/Src/main.c:581:6:Error_Handler	4	static,ignoring_inline_asm
