Archive member included to satisfy reference by file (symbol)

c:/st/stm32cubeide_1.12.1/stm32cubeide/plugins/com.st.stm32cube.ide.mcu.externaltools.gnu-tools-for-stm32.10.3-2021.10.win32_1.0.200.202301161003/tools/bin/../lib/gcc/arm-none-eabi/10.3.1/../../../../arm-none-eabi/lib/thumb/v7e-m+fp/hard\libc_nano.a(lib_a-errno.o)
                              ./Core/Src/syscalls.o (__errno)
c:/st/stm32cubeide_1.12.1/stm32cubeide/plugins/com.st.stm32cube.ide.mcu.externaltools.gnu-tools-for-stm32.10.3-2021.10.win32_1.0.200.202301161003/tools/bin/../lib/gcc/arm-none-eabi/10.3.1/../../../../arm-none-eabi/lib/thumb/v7e-m+fp/hard\libc_nano.a(lib_a-exit.o)
                              c:/st/stm32cubeide_1.12.1/stm32cubeide/plugins/com.st.stm32cube.ide.mcu.externaltools.gnu-tools-for-stm32.10.3-2021.10.win32_1.0.200.202301161003/tools/bin/../lib/gcc/arm-none-eabi/10.3.1/../../../../arm-none-eabi/lib/thumb/v7e-m+fp/hard/crt0.o (exit)
c:/st/stm32cubeide_1.12.1/stm32cubeide/plugins/com.st.stm32cube.ide.mcu.externaltools.gnu-tools-for-stm32.10.3-2021.10.win32_1.0.200.202301161003/tools/bin/../lib/gcc/arm-none-eabi/10.3.1/../../../../arm-none-eabi/lib/thumb/v7e-m+fp/hard\libc_nano.a(lib_a-impure.o)
                              c:/st/stm32cubeide_1.12.1/stm32cubeide/plugins/com.st.stm32cube.ide.mcu.externaltools.gnu-tools-for-stm32.10.3-2021.10.win32_1.0.200.202301161003/tools/bin/../lib/gcc/arm-none-eabi/10.3.1/../../../../arm-none-eabi/lib/thumb/v7e-m+fp/hard\libc_nano.a(lib_a-exit.o) (_global_impure_ptr)
c:/st/stm32cubeide_1.12.1/stm32cubeide/plugins/com.st.stm32cube.ide.mcu.externaltools.gnu-tools-for-stm32.10.3-2021.10.win32_1.0.200.202301161003/tools/bin/../lib/gcc/arm-none-eabi/10.3.1/../../../../arm-none-eabi/lib/thumb/v7e-m+fp/hard\libc_nano.a(lib_a-init.o)
                              c:/st/stm32cubeide_1.12.1/stm32cubeide/plugins/com.st.stm32cube.ide.mcu.externaltools.gnu-tools-for-stm32.10.3-2021.10.win32_1.0.200.202301161003/tools/bin/../lib/gcc/arm-none-eabi/10.3.1/../../../../arm-none-eabi/lib/thumb/v7e-m+fp/hard/crt0.o (__libc_init_array)
c:/st/stm32cubeide_1.12.1/stm32cubeide/plugins/com.st.stm32cube.ide.mcu.externaltools.gnu-tools-for-stm32.10.3-2021.10.win32_1.0.200.202301161003/tools/bin/../lib/gcc/arm-none-eabi/10.3.1/../../../../arm-none-eabi/lib/thumb/v7e-m+fp/hard\libc_nano.a(lib_a-memset.o)
                              c:/st/stm32cubeide_1.12.1/stm32cubeide/plugins/com.st.stm32cube.ide.mcu.externaltools.gnu-tools-for-stm32.10.3-2021.10.win32_1.0.200.202301161003/tools/bin/../lib/gcc/arm-none-eabi/10.3.1/../../../../arm-none-eabi/lib/thumb/v7e-m+fp/hard/crt0.o (memset)
c:/st/stm32cubeide_1.12.1/stm32cubeide/plugins/com.st.stm32cube.ide.mcu.externaltools.gnu-tools-for-stm32.10.3-2021.10.win32_1.0.200.202301161003/tools/bin/../lib/gcc/arm-none-eabi/10.3.1/../../../../arm-none-eabi/lib/thumb/v7e-m+fp/hard\libc_nano.a(lib_a-nano-vfprintf_float.o)
                              (_printf_float)
c:/st/stm32cubeide_1.12.1/stm32cubeide/plugins/com.st.stm32cube.ide.mcu.externaltools.gnu-tools-for-stm32.10.3-2021.10.win32_1.0.200.202301161003/tools/bin/../lib/gcc/arm-none-eabi/10.3.1/../../../../arm-none-eabi/lib/thumb/v7e-m+fp/hard\libc_nano.a(lib_a-nano-vfprintf_i.o)
                              c:/st/stm32cubeide_1.12.1/stm32cubeide/plugins/com.st.stm32cube.ide.mcu.externaltools.gnu-tools-for-stm32.10.3-2021.10.win32_1.0.200.202301161003/tools/bin/../lib/gcc/arm-none-eabi/10.3.1/../../../../arm-none-eabi/lib/thumb/v7e-m+fp/hard\libc_nano.a(lib_a-nano-vfprintf_float.o) (_printf_common)
c:/st/stm32cubeide_1.12.1/stm32cubeide/plugins/com.st.stm32cube.ide.mcu.externaltools.gnu-tools-for-stm32.10.3-2021.10.win32_1.0.200.202301161003/tools/bin/../lib/gcc/arm-none-eabi/10.3.1/../../../../arm-none-eabi/lib/thumb/v7e-m+fp/hard\libc_nano.a(lib_a-sprintf.o)
                              ./Core/Src/LIS3DHTR.o (sprintf)
c:/st/stm32cubeide_1.12.1/stm32cubeide/plugins/com.st.stm32cube.ide.mcu.externaltools.gnu-tools-for-stm32.10.3-2021.10.win32_1.0.200.202301161003/tools/bin/../lib/gcc/arm-none-eabi/10.3.1/../../../../arm-none-eabi/lib/thumb/v7e-m+fp/hard\libc_nano.a(lib_a-strlen.o)
                              ./Core/Src/main.o (strlen)
c:/st/stm32cubeide_1.12.1/stm32cubeide/plugins/com.st.stm32cube.ide.mcu.externaltools.gnu-tools-for-stm32.10.3-2021.10.win32_1.0.200.202301161003/tools/bin/../lib/gcc/arm-none-eabi/10.3.1/../../../../arm-none-eabi/lib/thumb/v7e-m+fp/hard\libc_nano.a(lib_a-dtoa.o)
                              c:/st/stm32cubeide_1.12.1/stm32cubeide/plugins/com.st.stm32cube.ide.mcu.externaltools.gnu-tools-for-stm32.10.3-2021.10.win32_1.0.200.202301161003/tools/bin/../lib/gcc/arm-none-eabi/10.3.1/../../../../arm-none-eabi/lib/thumb/v7e-m+fp/hard\libc_nano.a(lib_a-nano-vfprintf_float.o) (_dtoa_r)
[...]
Memory Configuration

Name             Origin             Length             Attributes
RAM              0x0000000020000000 0x0000000000010000 xrw
FLASH            0x0000000008000000 0x0000000000020000 xr
*default*        0x0000000000000000 0xffffffffffffffff

Linker script and memory map

LOAD c:/st/stm32cubeide_1.12.1/stm32cubeide/plugins/com.st.stm32cube.ide.mcu.externaltools.gnu-tools-for-stm32.10.3-2021.10.win32_1.0.200.202301161003/tools/bin/../lib/gcc/arm-none-eabi/10.3.1/thumb/v7e-m+fp/hard/crti.o
LOAD c:/st/stm32cubeide_1.12.1/stm32cubeide/plugins/com.st.stm32cube.ide.mcu.externaltools.gnu-tools-for-stm32.10.3-2021.10.win32_1.0.200.202301161003/tools/bin/../lib/gcc/arm-none-eabi/10.3.1/thumb/v7e-m+fp/hard/crtbegin.o
LOAD c:/st/stm32cubeide_1.12.1/stm32cubeide/plugins/com.st.stm32cube.ide.mcu.externaltools.gnu-tools-for-stm32.10.3-2021.10.win32_1.0.200.202301161003/tools/bin/../lib/gcc/arm-none-eabi/10.3.1/../../../../arm-none-eabi/lib/thumb/v7e-m+fp/hard/crt0.o
LOAD ./Core/Src/LIS3DHTR.o
LOAD ./Core/Src/SST25VF010A.o
LOAD ./Core/Src/fatfs_sd.o
LOAD ./Core/Src/main.o
LOAD ./Core/Src/stm32f4xx_hal_msp.o
LOAD ./Core/Src/stm32f4xx_it.o
LOAD ./Core/Src/syscalls.o
LOAD ./Core/Src/sysmem.o
LOAD ./Core/Src/system_stm32f4xx.o
LOAD ./Core/Startup/startup_stm32f401cbux.o
LOAD ./Drivers/STM32F4xx_HAL_Driver/Src/stm32f4xx_hal.o
LOAD ./Drivers/STM32F4xx_HAL_Driver/Src/stm32f4xx_hal_cortex.o
LOAD ./Drivers/STM32F4xx_HAL_Driver/Src/stm32f4xx_hal_dma.o
LOAD ./Drivers/STM32F4xx_HAL_Driver/Src/stm32f4xx_hal_dma_ex.o
LOAD ./Drivers/STM32F4xx_HAL_Driver/Src/stm32f4xx_hal_exti.o
LOAD ./Drivers/STM32F4xx_HAL_Driver/Src/stm32f4xx_hal_flash.o
LOAD ./Drivers/STM32F4xx_HAL_Driver/Src/stm32f4xx_hal_flash_ex.o
LOAD ./Drivers/STM32F4xx_HAL_Driver/Src/stm32f4xx_hal_flash_ramfunc.o
LOAD ./Drivers/STM32F4xx_HAL_Driver/Src/stm32f4xx_hal_gpio.o
LOAD ./Drivers/STM32F4xx_HAL_Driver/Src/stm32f4xx_hal_i2c.o
LOAD ./Drivers/STM32F4xx_HAL_Driver/Src/stm32f4xx_hal_i2c_ex.o
LOAD ./Drivers/STM32F4xx_HAL_Driver/Src/stm32f4xx_hal_pcd.o
LOAD ./Drivers/STM32F4xx_HAL_Driver/Src/stm32f4xx_hal_pcd_ex.o
LOAD ./Drivers/STM32F4xx_HAL_Driver/Src/stm32f4xx_hal_pwr.o
LOAD ./Drivers/STM32F4xx_HAL_Driver/Src/stm32f4xx_hal_pwr_ex.o
LOAD ./Drivers/STM32F4xx_HAL_Driver/Src/stm32f4xx_hal_rcc.o
LOAD ./Drivers/STM32F4xx_HAL_Driver/Src/stm32f4xx_hal_rcc_ex.o
LOAD ./Drivers/STM32F4xx_HAL_Driver/Src/stm32f4xx_hal_spi.o
LOAD ./Drivers/STM32F4xx_HAL_Driver/Src/stm32f4xx_hal_tim.o
LOAD ./Drivers/STM32F4xx_HAL_Driver/Src/stm32f4xx_hal_tim_ex.o
LOAD ./Drivers/STM32F4xx_HAL_Driver/Src/stm32f4xx_ll_usb.o
LOAD ./FATFS/App/fatfs.o
LOAD ./FATFS/Target/user_diskio.o
LOAD ./Middlewares/ST/STM32_USB_Device_Library/Class/MSC/Src/usbd_msc.o
LOAD ./Middlewares/ST/STM32_USB_Device_Library/Class/MSC/Src/usbd_msc_bot.o
LOAD ./Middlewares/ST/STM32_USB_Device_Library/Class/MSC/Src/usbd_msc_data.o
LOAD ./Middlewares/ST/STM32_USB_Device_Library/Class/MSC/Src/usbd_msc_scsi.o
LOAD ./Middlewares/ST/STM32_USB_Device_Library/Core/Src/usbd_core.o
LOAD ./Middlewares/ST/STM32_USB_Device_Library/Core/Src/usbd_ctlreq.o
LOAD ./Middlewares/ST/STM32_USB_Device_Library/Core/Src/usbd_ioreq.o
LOAD ./Middlewares/Third_Party/FatFs/src/diskio.o
LOAD ./Middlewares/Third_Party/FatFs/src/ff.o
LOAD ./Middlewares/Third_Party/FatFs/src/ff_gen_drv.o
LOAD ./Middlewares/Third_Party/FatFs/src/option/ccsbcs.o
LOAD ./Middlewares/Third_Party/FatFs/src/option/syscall.o
LOAD ./USB_DEVICE/App/usb_device.o
LOAD ./USB_DEVICE/App/usbd_desc.o
LOAD ./USB_DEVICE/App/usbd_storage_if.o
LOAD ./USB_DEVICE/Target/usbd_conf.o
START GROUP
LOAD c:/st/stm32cubeide_1.12.1/stm32cubeide/plugins/com.st.stm32cube.ide.mcu.externaltools.gnu-tools-for-stm32.10.3-2021.10.win32_1.0.200.202301161003/tools/bin/../lib/gcc/arm-none-eabi/10.3.1/../../../../arm-none-eabi/lib/thumb/v7e-m+fp/hard\libc_nano.a
LOAD c:/st/stm32cubeide_1.12.1/stm32cubeide/plugins/com.st.stm32cube.ide.mcu.externaltools.gnu-tools-for-stm32.10.3-2021.10.win32_1.0.200.202301161003/tools/bin/../lib/gcc/arm-none-eabi/10.3.1/../../../../arm-none-eabi/lib/thumb/v7e-m+fp/hard\libm.a
END GROUP
START GROUP
LOAD c:/st/stm32cubeide_1.12.1/stm32cubeide/plugins/com.st.stm32cube.ide.mcu.externaltools.gnu-tools-for-stm32.10.3-2021.10.win32_1.0.200.202301161003/tools/bin/../lib/gcc/arm-none-eabi/10.3.1/thumb/v7e-m+fp/hard\libgcc.a
LOAD c:/st/stm32cubeide_1.12.1/stm32cubeide/plugins/com.st.stm32cube.ide.mcu.externaltools.gnu-tools-for-stm32.10.3-2021.10.win32_1.0.200.202301161003/tools/bin/../lib/gcc/arm-none-eabi/10.3.1/../../../../arm-none-eabi/lib/thumb/v7e-m+fp/hard\libc_nano.a
END GROUP
START GROUP
LOAD c:/st/stm32cubeide_1.12.1/stm32cubeide/plugins/com.st.stm32cube.ide.mcu.externaltools.gnu-tools-for-stm32.10.3-2021.10.win32_1.0.200.202301161003/tools/bin/../lib/gcc/arm-none-eabi/10.3.1/thumb/v7e-m+fp/hard\libgcc.a
LOAD c:/st/stm32cubeide_1.12.1/stm32cubeide/plugins/com.st.stm32cube.ide.mcu.externaltools.gnu-tools-for-stm32.10.3-2021.10.win32_1.0.200.202301161003/tools/bin/../lib/gcc/arm-none-eabi/10.3.1/../../../../arm-none-eabi/lib/thumb/v7e-m+fp/hard\libc_nano.a
LOAD c:/st/stm32cubeide_1.12.1/stm32cubeide/plugins/com.st.stm32cube.ide.mcu.externaltools.gnu-tools-for-stm32.10.3-2021.10.win32_1.0.200.202301161003/tools/bin/../lib/gcc/arm-none-eabi/10.3.1/../../../../arm-none-eabi/lib/thumb/v7e-m+fp/hard\libnosys.a
END GROUP
START GROUP
LOAD c:/st/stm32cubeide_1.12.1/stm32cubeide/plugins/com.st.stm32cube.ide.mcu.externaltools.gnu-tools-for-stm32.10.3-2021.10.win32_1.0.200.202301161003/tools/bin/../lib/gcc/arm-none-eabi/10.3.1/thumb/v7e-m+fp/hard\libgcc.a
LOAD c:/st/stm32cubeide_1.12.1/stm32cubeide/plugins/com.st.stm32cube.ide.mcu.externaltools.gnu-tools-for-stm32.10.3-2021.10.win32_1.0.200.202301161003/tools/bin/../lib/gcc/arm-none-eabi/10.3.1/../../../../arm-none-eabi/lib/thumb/v7e-m+fp/hard\libc_nano.a
LOAD c:/st/stm32cubeide_1.12.1/stm32cubeide/plugins/com.st.stm32cube.ide.mcu.externaltools.gnu-tools-for-stm32.10.3-2021.10.win32_1.0.200.202301161003/tools/bin/../lib/gcc/arm-none-eabi/10.3.1/../../../../arm-none-eabi/lib/thumb/v7e-m+fp/hard\libnosys.a
END GROUP
LOAD c:/st/stm32cubeide_1.12.1/stm32cubeide/plugins/com.st.stm32cube.ide.mcu.externaltools.gnu-tools-for-stm32.10.3-2021.10.win32_1.0.200.202301161003/tools/bin/../lib/gcc/arm-none-eabi/10.3.1/thumb/v7e-m+fp/hard/crtend.o
LOAD c:/st/stm32cubeide_1.12.1/stm32cubeide/plugins/com.st.stm32cube.ide.mcu.externaltools.gnu-tools-for-stm32.10.3-2021.10.win32_1.0.200.202301161003/tools/bin/../lib/gcc/arm-none-eabi/10.3.1/thumb/v7e-m+fp/hard/crtn.o
                0x0000000020010000                _estack = (ORIGIN (RAM) + LENGTH (RAM))
                0x0000000000000200                _Min_Heap_Size = 0x200
                0x0000000000000400                _Min_Stack_Size = 0x400

.isr_vector     0x0000000008000000      0x194
                0x0000000008000000                . = ALIGN (0x4)
 *(.isr_vector)
 .isr_vector    0x0000000008000000      0x194 ./Core/Startup/startup_stm32f401cbux.o
                0x0000000008000000                g_pfnVectors
                0x0000000008000194                . = ALIGN (0x4)

.text           0x00000000080001a0    0x12ae8
                0x00000000080001a0                . = ALIGN (0x4)
 *(.text)
 .text          0x00000000080001a0       0x40 c:/st/stm32cubeide_1.12.1/stm32cubeide/plugins/com.st.stm32cube.ide.mcu.externaltools.gnu-tools-for-stm32.10.3-2021.10.win32_1.0.200.202301161003/tools/bin/../lib/gcc/arm-none-eabi/10.3.1/thumb/v7e-m+fp/hard/crtbegin.o
 .text          0x00000000080001e0       0x10 c:/st/stm32cubeide_1.12.1/stm32cubeide/plugins/com.st.stm32cube.ide.mcu.externaltools.gnu-tools-for-stm32.10.3-2021.10.win32_1.0.200.202301161003/tools/bin/../lib/gcc/arm-none-eabi/10.3.1/../../../../arm-none-eabi/lib/thumb/v7e-m+fp/hard\libc_nano.a(lib_a-strlen.o)
                0x00000000080001e0                strlen
 .text          0x00000000080001f0       0xa0 c:/st/stm32cubeide_1.12.1/stm32cubeide/plugins/com.st.stm32cube.ide.mcu.externaltools.gnu-tools-for-stm32.10.3-2021.10.win32_1.0.200.202301161003/tools/bin/../lib/gcc/arm-none-eabi/10.3.1/../../../../arm-none-eabi/lib/thumb/v7e-m+fp/hard\libc_nano.a(lib_a-memchr.o)
                0x00000000080001f0                memchr
 .text          0x0000000008000290      0x378 c:/st/stm32cubeide_1.12.1/stm32cubeide/plugins/com.st.stm32cube.ide.mcu.externaltools.gnu-tools-for-stm32.10.3-2021.10.win32_1.0.200.202301161003/tools/bin/../lib/gcc/arm-none-eabi/10.3.1/thumb/v7e-m+fp/hard\libgcc.a(_arm_addsubdf3.o)
                0x0000000008000290                __aeabi_drsub
                0x0000000008000298                __aeabi_dsub
                0x0000000008000298                __subdf3
                0x000000000800029c                __aeabi_dadd
                0x000000000800029c                __adddf3
                0x0000000008000514                __floatunsidf
                0x0000000008000514                __aeabi_ui2d
                0x0000000008000534                __floatsidf
                0x0000000008000534                __aeabi_i2d
                0x0000000008000558                __aeabi_f2d
                0x0000000008000558                __extendsfdf2
                0x000000000800059c                __floatundidf
                0x000000000800059c                __aeabi_ul2d
                0x00000000080005ac                __floatdidf
                0x00000000080005ac                __aeabi_l2d
 .text          0x0000000008000608      0x424 c:/st/stm32cubeide_1.12.1/stm32cubeide/plugins/com.st.stm32cube.ide.mcu.externaltools.gnu-tools-for-stm32.10.3-2021.10.win32_1.0.200.202301161003/tools/bin/../lib/gcc/arm-none-eabi/10.3.1/thumb/v7e-m+fp/hard\libgcc.a(_arm_muldivdf3.o)
                0x0000000008000608                __aeabi_dmul
                0x0000000008000608                __muldf3
                0x000000000800085c                __divdf3
                0x000000000800085c                __aeabi_ddiv
 .text          0x0000000008000a2c      0x110 c:/st/stm32cubeide_1.12.1/stm32cubeide/plugins/com.st.stm32cube.ide.mcu.externaltools.gnu-tools-for-stm32.10.3-2021.10.win32_1.0.200.202301161003/tools/bin/../lib/gcc/arm-none-eabi/10.3.1/thumb/v7e-m+fp/hard\libgcc.a(_arm_cmpdf2.o)
                0x0000000008000a2c                __gtdf2
                0x0000000008000a2c                __gedf2
                0x0000000008000a34                __ltdf2
                0x0000000008000a34                __ledf2
                0x0000000008000a3c                __nedf2
                0x0000000008000a3c                __eqdf2
                0x0000000008000a3c                __cmpdf2
                0x0000000008000ab8                __aeabi_cdrcmple
                0x0000000008000ac8                __aeabi_cdcmpeq
                0x0000000008000ac8                __aeabi_cdcmple
                0x0000000008000ad8                __aeabi_dcmpeq
                0x0000000008000aec                __aeabi_dcmplt
                0x0000000008000b00                __aeabi_dcmple
                0x0000000008000b14                __aeabi_dcmpge
                0x0000000008000b28                __aeabi_dcmpgt
 .text          0x0000000008000b3c       0x2c c:/st/stm32cubeide_1.12.1/stm32cubeide/plugins/com.st.stm32cube.ide.mcu.externaltools.gnu-tools-for-stm32.10.3-2021.10.win32_1.0.200.202301161003/tools/bin/../lib/gcc/arm-none-eabi/10.3.1/thumb/v7e-m+fp/hard\libgcc.a(_arm_unorddf2.o)
                0x0000000008000b3c                __unorddf2
                0x0000000008000b3c                __aeabi_dcmpun
 .text          0x0000000008000b68       0x50 c:/st/stm32cubeide_1.12.1/stm32cubeide/plugins/com.st.stm32cube.ide.mcu.externaltools.gnu-tools-for-stm32.10.3-2021.10.win32_1.0.200.202301161003/tools/bin/../lib/gcc/arm-none-eabi/10.3.1/thumb/v7e-m+fp/hard\libgcc.a(_arm_fixdfsi.o)
                0x0000000008000b68                __aeabi_d2iz
                0x0000000008000b68                __fixdfsi
 .text          0x0000000008000bb8       0xa0 c:/st/stm32cubeide_1.12.1/stm32cubeide/plugins/com.st.stm32cube.ide.mcu.externaltools.gnu-tools-for-stm32.10.3-2021.10.win32_1.0.200.202301161003/tools/bin/../lib/gcc/arm-none-eabi/10.3.1/thumb/v7e-m+fp/hard\libgcc.a(_arm_truncdfsf2.o)
                0x0000000008000bb8                __truncdfsf2
                0x0000000008000bb8                __aeabi_d2f
 .text          0x0000000008000c58       0x30 c:/st/stm32cubeide_1.12.1/stm32cubeide/plugins/com.st.stm32cube.ide.mcu.externaltools.gnu-tools-for-stm32.10.3-2021.10.win32_1.0.200.202301161003/tools/bin/../lib/gcc/arm-none-eabi/10.3.1/thumb/v7e-m+fp/hard\libgcc.a(_aeabi_uldivmod.o)
                0x0000000008000c58                __aeabi_uldivmod
 .text          0x0000000008000c88      0x2d0 c:/st/stm32cubeide_1.12.1/stm32cubeide/plugins/com.st.stm32cube.ide.mcu.externaltools.gnu-tools-for-stm32.10.3-2021.10.win32_1.0.200.202301161003/tools/bin/../lib/gcc/arm-none-eabi/10.3.1/thumb/v7e-m+fp/hard\libgcc.a(_udivmoddi4.o)
                0x0000000008000c88                __udivmoddi4
 .text          0x0000000008000f58        0x4 c:/st/stm32cubeide_1.12.1/stm32cubeide/plugins/com.st.stm32cube.ide.mcu.externaltools.gnu-tools-for-stm32.10.3-2021.10.win32_1.0.200.202301161003/tools/bin/../lib/gcc/arm-none-eabi/10.3.1/thumb/v7e-m+fp/hard\libgcc.a(_dvmd_tls.o)
                0x0000000008000f58                __aeabi_idiv0
                0x0000000008000f58                __aeabi_ldiv0
 *(.text*)
 .text.ACC_INIT
                0x0000000008000f5c      0x150 ./Core/Src/LIS3DHTR.o
                0x0000000008000f5c                ACC_INIT
 *fill*         0x00000000080010ac        0x4 
 .text.ACC_R    0x00000000080010b0      0x214 ./Core/Src/LIS3DHTR.o
                0x00000000080010b0                ACC_R
 .text.delay    0x00000000080012c4       0x34 ./Core/Src/SST25VF010A.o
                0x00000000080012c4                delay
 .text.MEM_Status_R
                0x00000000080012f8       0x40 ./Core/Src/SST25VF010A.o
                0x00000000080012f8                MEM_Status_R
 .text.W_EN     0x0000000008001338       0x68 ./Core/Src/SST25VF010A.o
                0x0000000008001338                W_EN
 .text.W_DI     0x00000000080013a0       0x68 ./Core/Src/SST25VF010A.o
                0x00000000080013a0                W_DI
 .text.MEM_Status_W
                0x0000000008001408       0xa8 ./Core/Src/SST25VF010A.o
                0x0000000008001408                MEM_Status_W
 .text.MEM_R    0x00000000080014b0      0x154 ./Core/Src/SST25VF010A.o
                0x00000000080014b0                MEM_R
 .text.MEM_AAI_W
                0x0000000008001604       0xd8 ./Core/Src/SST25VF010A.o
                0x0000000008001604                MEM_AAI_W
 .text.Page_Erase
                0x00000000080016dc       0x7c ./Core/Src/SST25VF010A.o
                0x00000000080016dc                Page_Erase
 .text.SELECT   0x0000000008001758       0x18 ./Core/Src/fatfs_sd.o
 .text.DESELECT
                0x0000000008001770       0x18 ./Core/Src/fatfs_sd.o
 .text.SPI_TxByte
                0x0000000008001788       0x34 ./Core/Src/fatfs_sd.o
 .text.SPI_RxByte
                0x00000000080017bc       0x3c ./Core/Src/fatfs_sd.o
 .text.SPI_RxBytePtr
                0x00000000080017f8       0x1c ./Core/Src/fatfs_sd.o
 .text.SD_ReadyWait
                0x0000000008001814       0x38 ./Core/Src/fatfs_sd.o
 .text.SD_PowerOn
                0x000000000800184c       0x98 ./Core/Src/fatfs_sd.o
 .text.SD_PowerOff
                0x00000000080018e4       0x18 ./Core/Src/fatfs_sd.o
 .text.SD_CheckPower
                0x00000000080018fc       0x18 ./Core/Src/fatfs_sd.o
 .text.SD_RxDataBlock
                0x0000000008001914       0x6c ./Core/Src/fatfs_sd.o
 .text.SD_TxDataBlock
                0x0000000008001980       0xa8 ./Core/Src/fatfs_sd.o
 .text.SD_SendCmd
                0x0000000008001a28       0xa4 ./Core/Src/fatfs_sd.o
 .text.SD_disk_initialize
                0x0000000008001acc      0x1d4 ./Core/Src/fatfs_sd.o
                0x0000000008001acc                SD_disk_initialize
 .text.SD_disk_status
                0x0000000008001ca0       0x2c ./Core/Src/fatfs_sd.o
                0x0000000008001ca0                SD_disk_status
 .text.SD_disk_read
                0x0000000008001ccc       0xd4 ./Core/Src/fatfs_sd.o
                0x0000000008001ccc                SD_disk_read
 .text.SD_disk_write
                0x0000000008001da0      0x108 ./Core/Src/fatfs_sd.o
                0x0000000008001da0                SD_disk_write
 .text.SD_disk_ioctl
                0x0000000008001ea8      0x264 ./Core/Src/fatfs_sd.o
                0x0000000008001ea8                SD_disk_ioctl
 .text.float_8bit
                0x000000000800210c       0x4c ./Core/Src/main.o
                0x000000000800210c                float_8bit
 .text.bit8_to_float
                0x0000000008002158       0x48 ./Core/Src/main.o
                0x0000000008002158                bit8_to_float
 .text.write_seq
                0x00000000080021a0      0x16c ./Core/Src/main.o
                0x00000000080021a0                write_seq
 .text.read_seq
                0x000000000800230c      0x134 ./Core/Src/main.o
                0x000000000800230c                read_seq
 .text.main     0x0000000008002440      0x258 ./Core/Src/main.o
                0x0000000008002440                main
 .text.SystemClock_Config
                0x0000000008002698       0xd8 ./Core/Src/main.o
                0x0000000008002698                SystemClock_Config
 .text.MX_I2C1_Init
                0x0000000008002770       0x5c ./Core/Src/main.o
 .text.MX_SPI1_Init
                0x00000000080027cc       0x6c ./Core/Src/main.o
 .text.MX_TIM1_Init
                0x0000000008002838       0xa0 ./Core/Src/main.o
 .text.MX_TIM2_Init
                0x00000000080028d8       0x98 ./Core/Src/main.o
 .text.MX_GPIO_Init
                0x0000000008002970       0xcc ./Core/Src/main.o
 .text.Error_Handler
                0x0000000008002a3c        0xa ./Core/Src/main.o
                0x0000000008002a3c                Error_Handler
 *fill*         0x0000000008002a46        0x2 
 .text.HAL_MspInit
                0x0000000008002a48       0x50 ./Core/Src/stm32f4xx_hal_msp.o
                0x0000000008002a48                HAL_MspInit
 .text.HAL_I2C_MspInit
                0x0000000008002a98       0x90 ./Core/Src/stm32f4xx_hal_msp.o
                0x0000000008002a98                HAL_I2C_MspInit
 .text.HAL_SPI_MspInit
                0x0000000008002b28       0x90 ./Core/Src/stm32f4xx_hal_msp.o
                0x0000000008002b28                HAL_SPI_MspInit
 .text.HAL_TIM_Base_MspInit
                0x0000000008002bb8       0x6c ./Core/Src/stm32f4xx_hal_msp.o
                0x0000000008002bb8                HAL_TIM_Base_MspInit
 .text.SDTimer_Handler
                0x0000000008002c24       0x48 ./Core/Src/stm32f4xx_it.o
                0x0000000008002c24                SDTimer_Handler
 .text.NMI_Handler
                0x0000000008002c6c        0x6 ./Core/Src/stm32f4xx_it.o
                0x0000000008002c6c                NMI_Handler
 .text.HardFault_Handler
                0x0000000008002c72        0x6 ./Core/Src/stm32f4xx_it.o
                0x0000000008002c72                HardFault_Handler
 .text.MemManage_Handler
                0x0000000008002c78        0x6 ./Core/Src/stm32f4xx_it.o
                0x0000000008002c78                MemManage_Handler
 .text.BusFault_Handler
                0x0000000008002c7e        0x6 ./Core/Src/stm32f4xx_it.o
                0x0000000008002c7e                BusFault_Handler
 .text.UsageFault_Handler
                0x0000000008002c84        0x6 ./Core/Src/stm32f4xx_it.o
                0x0000000008002c84                UsageFault_Handler
 .text.SVC_Handler
                0x0000000008002c8a        0xe ./Core/Src/stm32f4xx_it.o
                0x0000000008002c8a                SVC_Handler
 .text.DebugMon_Handler
                0x0000000008002c98        0xe ./Core/Src/stm32f4xx_it.o
                0x0000000008002c98                DebugMon_Handler
 .text.PendSV_Handler
                0x0000000008002ca6        0xe ./Core/Src/stm32f4xx_it.o
                0x0000000008002ca6                PendSV_Handler
 .text.SysTick_Handler
                0x0000000008002cb4       0x34 ./Core/Src/stm32f4xx_it.o
                0x0000000008002cb4                SysTick_Handler
 .text.OTG_FS_IRQHandler
                0x0000000008002ce8       0x14 ./Core/Src/stm32f4xx_it.o
                0x0000000008002ce8                OTG_FS_IRQHandler
 .text._getpid  0x0000000008002cfc       0x10 ./Core/Src/syscalls.o
                0x0000000008002cfc                _getpid
 .text._kill    0x0000000008002d0c       0x20 ./Core/Src/syscalls.o
                0x0000000008002d0c                _kill
 .text._exit    0x0000000008002d2c       0x14 ./Core/Src/syscalls.o
                0x0000000008002d2c                _exit
 .text._read    0x0000000008002d40       0x3a ./Core/Src/syscalls.o
                0x0000000008002d40                _read
 .text._write   0x0000000008002d7a       0x38 ./Core/Src/syscalls.o
                0x0000000008002d7a                _write
 .text._close   0x0000000008002db2       0x18 ./Core/Src/syscalls.o
                0x0000000008002db2                _close
 .text._fstat   0x0000000008002dca       0x20 ./Core/Src/syscalls.o
                0x0000000008002dca                _fstat
 .text._isatty  0x0000000008002dea       0x16 ./Core/Src/syscalls.o
                0x0000000008002dea                _isatty
 .text._lseek   0x0000000008002e00       0x1a ./Core/Src/syscalls.o
                0x0000000008002e00                _lseek
 *fill*         0x0000000008002e1a        0x2 
 .text._sbrk    0x0000000008002e1c       0x6c ./Core/Src/sysmem.o
                0x0000000008002e1c                _sbrk
 .text.SystemInit
                0x0000000008002e88       0x24 ./Core/Src/system_stm32f4xx.o
                0x0000000008002e88                SystemInit
 .text.Reset_Handler
                0x0000000008002eac       0x50 ./Core/Startup/startup_stm32f401cbux.o
                0x0000000008002eac                Reset_Handler
 .text.Default_Handler
                0x0000000008002efc        0x2 ./Core/Startup/startup_stm32f401cbux.o
                0x0000000008002efc                RTC_Alarm_IRQHandler
                0x0000000008002efc                EXTI2_IRQHandler
                0x0000000008002efc                SPI4_IRQHandler
                0x0000000008002efc                TIM1_CC_IRQHandler
                0x0000000008002efc                DMA2_Stream5_IRQHandler
                0x0000000008002efc                DMA1_Stream5_IRQHandler
                0x0000000008002efc                PVD_IRQHandler
                0x0000000008002efc                SDIO_IRQHandler
                0x0000000008002efc                TAMP_STAMP_IRQHandler
                0x0000000008002efc                EXTI3_IRQHandler
                0x0000000008002efc                TIM1_UP_TIM10_IRQHandler
                0x0000000008002efc                I2C3_ER_IRQHandler
                0x0000000008002efc                EXTI0_IRQHandler
                0x0000000008002efc                I2C2_EV_IRQHandler
                0x0000000008002efc                DMA1_Stream2_IRQHandler
                0x0000000008002efc                FPU_IRQHandler
                0x0000000008002efc                DMA2_Stream2_IRQHandler
                0x0000000008002efc                SPI1_IRQHandler
                0x0000000008002efc                TIM1_BRK_TIM9_IRQHandler
                0x0000000008002efc                DMA2_Stream3_IRQHandler
                0x0000000008002efc                USART6_IRQHandler
                0x0000000008002efc                DMA2_Stream0_IRQHandler
                0x0000000008002efc                TIM4_IRQHandler
                0x0000000008002efc                I2C1_EV_IRQHandler
                0x0000000008002efc                DMA1_Stream6_IRQHandler
                0x0000000008002efc                DMA1_Stream1_IRQHandler
                0x0000000008002efc                TIM3_IRQHandler
                0x0000000008002efc                RCC_IRQHandler
                0x0000000008002efc                Default_Handler
                0x0000000008002efc                EXTI15_10_IRQHandler
                0x0000000008002efc                ADC_IRQHandler
                0x0000000008002efc                DMA1_Stream7_IRQHandler
                0x0000000008002efc                TIM5_IRQHandler
                0x0000000008002efc                DMA2_Stream7_IRQHandler
                0x0000000008002efc                I2C3_EV_IRQHandler
                0x0000000008002efc                EXTI9_5_IRQHandler
                0x0000000008002efc                RTC_WKUP_IRQHandler
                0x0000000008002efc                SPI2_IRQHandler
                0x0000000008002efc                DMA1_Stream0_IRQHandler
                0x0000000008002efc                EXTI4_IRQHandler
                0x0000000008002efc                WWDG_IRQHandler
                0x0000000008002efc                TIM2_IRQHandler
                0x0000000008002efc                OTG_FS_WKUP_IRQHandler
                0x0000000008002efc                TIM1_TRG_COM_TIM11_IRQHandler
                0x0000000008002efc                EXTI1_IRQHandler
                0x0000000008002efc                USART2_IRQHandler
                0x0000000008002efc                I2C2_ER_IRQHandler
                0x0000000008002efc                DMA2_Stream1_IRQHandler
                0x0000000008002efc                FLASH_IRQHandler
                0x0000000008002efc                DMA2_Stream4_IRQHandler
                0x0000000008002efc                USART1_IRQHandler
                0x0000000008002efc                SPI3_IRQHandler
                0x0000000008002efc                DMA1_Stream4_IRQHandler
                0x0000000008002efc                I2C1_ER_IRQHandler
                0x0000000008002efc                DMA2_Stream6_IRQHandler
                0x0000000008002efc                DMA1_Stream3_IRQHandler
 *fill*         0x0000000008002efe        0x2 
 .text.HAL_Init
                0x0000000008002f00       0x44 ./Drivers/STM32F4xx_HAL_Driver/Src/stm32f4xx_hal.o
                0x0000000008002f00                HAL_Init
 .text.HAL_InitTick
                0x0000000008002f44       0x60 ./Drivers/STM32F4xx_HAL_Driver/Src/stm32f4xx_hal.o
                0x0000000008002f44                HAL_InitTick
 .text.HAL_IncTick
                0x0000000008002fa4       0x28 ./Drivers/STM32F4xx_HAL_Driver/Src/stm32f4xx_hal.o
                0x0000000008002fa4                HAL_IncTick
 .text.HAL_GetTick
                0x0000000008002fcc       0x18 ./Drivers/STM32F4xx_HAL_Driver/Src/stm32f4xx_hal.o
                0x0000000008002fcc                HAL_GetTick
 .text.HAL_Delay
                0x0000000008002fe4       0x48 ./Drivers/STM32F4xx_HAL_Driver/Src/stm32f4xx_hal.o
                0x0000000008002fe4                HAL_Delay
 .text.__NVIC_SetPriorityGrouping
                0x000000000800302c       0x48 ./Drivers/STM32F4xx_HAL_Driver/Src/stm32f4xx_hal_cortex.o
 .text.__NVIC_GetPriorityGrouping
                0x0000000008003074       0x1c ./Drivers/STM32F4xx_HAL_Driver/Src/stm32f4xx_hal_cortex.o
 .text.__NVIC_EnableIRQ
                0x0000000008003090       0x3c ./Drivers/STM32F4xx_HAL_Driver/Src/stm32f4xx_hal_cortex.o
 .text.__NVIC_SetPriority
                0x00000000080030cc       0x54 ./Drivers/STM32F4xx_HAL_Driver/Src/stm32f4xx_hal_cortex.o
 .text.NVIC_EncodePriority
                0x0000000008003120       0x66 ./Drivers/STM32F4xx_HAL_Driver/Src/stm32f4xx_hal_cortex.o
 *fill*         0x0000000008003186        0x2 
 .text.SysTick_Config
                0x0000000008003188       0x44 ./Drivers/STM32F4xx_HAL_Driver/Src/stm32f4xx_hal_cortex.o
 .text.HAL_NVIC_SetPriorityGrouping
                0x00000000080031cc       0x16 ./Drivers/STM32F4xx_HAL_Driver/Src/stm32f4xx_hal_cortex.o
                0x00000000080031cc                HAL_NVIC_SetPriorityGrouping
 .text.HAL_NVIC_SetPriority
                0x00000000080031e2       0x38 ./Drivers/STM32F4xx_HAL_Driver/Src/stm32f4xx_hal_cortex.o
                0x00000000080031e2                HAL_NVIC_SetPriority
 .text.HAL_NVIC_EnableIRQ
                0x000000000800321a       0x1c ./Drivers/STM32F4xx_HAL_Driver/Src/stm32f4xx_hal_cortex.o
                0x000000000800321a                HAL_NVIC_EnableIRQ
 .text.HAL_SYSTICK_Config
                0x0000000008003236       0x18 ./Drivers/STM32F4xx_HAL_Driver/Src/stm32f4xx_hal_cortex.o
                0x0000000008003236                HAL_SYSTICK_Config
 *fill*         0x000000000800324e        0x2 
 .text.HAL_GPIO_Init
                0x0000000008003250      0x308 ./Drivers/STM32F4xx_HAL_Driver/Src/stm32f4xx_hal_gpio.o
                0x0000000008003250                HAL_GPIO_Init
 .text.HAL_GPIO_ReadPin
                0x0000000008003558       0x30 ./Drivers/STM32F4xx_HAL_Driver/Src/stm32f4xx_hal_gpio.o
                0x0000000008003558                HAL_GPIO_ReadPin
 .text.HAL_GPIO_WritePin
                0x0000000008003588       0x32 ./Drivers/STM32F4xx_HAL_Driver/Src/stm32f4xx_hal_gpio.o
                0x0000000008003588                HAL_GPIO_WritePin
 *fill*         0x00000000080035ba        0x2 
 .text.HAL_I2C_Init
                0x00000000080035bc      0x288 ./Drivers/STM32F4xx_HAL_Driver/Src/stm32f4xx_hal_i2c.o
                0x00000000080035bc                HAL_I2C_Init
 .text.HAL_I2C_Mem_Write
                0x0000000008003844      0x1f4 ./Drivers/STM32F4xx_HAL_Driver/Src/stm32f4xx_hal_i2c.o
                0x0000000008003844                HAL_I2C_Mem_Write
 .text.HAL_I2C_Mem_Read
                0x0000000008003a38      0x44c ./Drivers/STM32F4xx_HAL_Driver/Src/stm32f4xx_hal_i2c.o
                0x0000000008003a38                HAL_I2C_Mem_Read
 .text.I2C_RequestMemoryWrite
                0x0000000008003e84      0x12c ./Drivers/STM32F4xx_HAL_Driver/Src/stm32f4xx_hal_i2c.o
 .text.I2C_RequestMemoryRead
                0x0000000008003fb0      0x1d0 ./Drivers/STM32F4xx_HAL_Driver/Src/stm32f4xx_hal_i2c.o
 .text.I2C_WaitOnFlagUntilTimeout
                0x0000000008004180       0xae ./Drivers/STM32F4xx_HAL_Driver/Src/stm32f4xx_hal_i2c.o
 .text.I2C_WaitOnMasterAddressFlagUntilTimeout
                0x000000000800422e       0xfe ./Drivers/STM32F4xx_HAL_Driver/Src/stm32f4xx_hal_i2c.o
 .text.I2C_WaitOnTXEFlagUntilTimeout
                0x000000000800432c       0x82 ./Drivers/STM32F4xx_HAL_Driver/Src/stm32f4xx_hal_i2c.o
 .text.I2C_WaitOnBTFFlagUntilTimeout
                0x00000000080043ae       0x82 ./Drivers/STM32F4xx_HAL_Driver/Src/stm32f4xx_hal_i2c.o
 .text.I2C_WaitOnRXNEFlagUntilTimeout
                0x0000000008004430       0xac ./Drivers/STM32F4xx_HAL_Driver/Src/stm32f4xx_hal_i2c.o
 .text.I2C_IsAcknowledgeFailed
                0x00000000080044dc       0x5e ./Drivers/STM32F4xx_HAL_Driver/Src/stm32f4xx_hal_i2c.o
 .text.HAL_PCD_Init
                0x000000000800453a      0x23a ./Drivers/STM32F4xx_HAL_Driver/Src/stm32f4xx_hal_pcd.o
                0x000000000800453a                HAL_PCD_Init
 .text.HAL_PCD_Start
                0x0000000008004774       0x66 ./Drivers/STM32F4xx_HAL_Driver/Src/stm32f4xx_hal_pcd.o
                0x0000000008004774                HAL_PCD_Start
 .text.HAL_PCD_IRQHandler
                0x00000000080047da      0x93e ./Drivers/STM32F4xx_HAL_Driver/Src/stm32f4xx_hal_pcd.o
                0x00000000080047da                HAL_PCD_IRQHandler
 .text.HAL_PCD_SetAddress
                0x0000000008005118       0x4a ./Drivers/STM32F4xx_HAL_Driver/Src/stm32f4xx_hal_pcd.o
                0x0000000008005118                HAL_PCD_SetAddress
 .text.HAL_PCD_EP_Open
                0x0000000008005162       0xd0 ./Drivers/STM32F4xx_HAL_Driver/Src/stm32f4xx_hal_pcd.o
                0x0000000008005162                HAL_PCD_EP_Open
 .text.HAL_PCD_EP_Close
                0x0000000008005232       0x94 ./Drivers/STM32F4xx_HAL_Driver/Src/stm32f4xx_hal_pcd.o
                0x0000000008005232                HAL_PCD_EP_Close
 .text.HAL_PCD_EP_Receive
                0x00000000080052c6       0x96 ./Drivers/STM32F4xx_HAL_Driver/Src/stm32f4xx_hal_pcd.o
                0x00000000080052c6                HAL_PCD_EP_Receive
 .text.HAL_PCD_EP_GetRxCount
                0x000000000800535c       0x30 ./Drivers/STM32F4xx_HAL_Driver/Src/stm32f4xx_hal_pcd.o
                0x000000000800535c                HAL_PCD_EP_GetRxCount
 .text.HAL_PCD_EP_Transmit
                0x000000000800538c       0x94 ./Drivers/STM32F4xx_HAL_Driver/Src/stm32f4xx_hal_pcd.o
                0x000000000800538c                HAL_PCD_EP_Transmit
 .text.HAL_PCD_EP_SetStall
                0x0000000008005420       0xc8 ./Drivers/STM32F4xx_HAL_Driver/Src/stm32f4xx_hal_pcd.o
                0x0000000008005420                HAL_PCD_EP_SetStall
 .text.HAL_PCD_EP_ClrStall
                0x00000000080054e8       0xac ./Drivers/STM32F4xx_HAL_Driver/Src/stm32f4xx_hal_pcd.o
                0x00000000080054e8                HAL_PCD_EP_ClrStall
 .text.HAL_PCD_EP_Abort
                0x0000000008005594       0x62 ./Drivers/STM32F4xx_HAL_Driver/Src/stm32f4xx_hal_pcd.o
                0x0000000008005594                HAL_PCD_EP_Abort
 .text.HAL_PCD_EP_Flush
                0x00000000080055f6       0x5a ./Drivers/STM32F4xx_HAL_Driver/Src/stm32f4xx_hal_pcd.o
                0x00000000080055f6                HAL_PCD_EP_Flush
 .text.PCD_WriteEmptyTxFifo
                0x0000000008005650      0x11a ./Drivers/STM32F4xx_HAL_Driver/Src/stm32f4xx_hal_pcd.o
 *fill*         0x000000000800576a        0x2 
 .text.PCD_EP_OutXfrComplete_int
                0x000000000800576c      0x1d0 ./Drivers/STM32F4xx_HAL_Driver/Src/stm32f4xx_hal_pcd.o
 .text.PCD_EP_OutSetupPacket_int
                0x000000000800593c       0x8c ./Drivers/STM32F4xx_HAL_Driver/Src/stm32f4xx_hal_pcd.o
 .text.HAL_PCDEx_SetTxFiFo
                0x00000000080059c8       0x8e ./Drivers/STM32F4xx_HAL_Driver/Src/stm32f4xx_hal_pcd_ex.o
                0x00000000080059c8                HAL_PCDEx_SetTxFiFo
 .text.HAL_PCDEx_SetRxFiFo
                0x0000000008005a56       0x22 ./Drivers/STM32F4xx_HAL_Driver/Src/stm32f4xx_hal_pcd_ex.o
                0x0000000008005a56                HAL_PCDEx_SetRxFiFo
 .text.HAL_PCDEx_LPM_Callback
                0x0000000008005a78       0x18 ./Drivers/STM32F4xx_HAL_Driver/Src/stm32f4xx_hal_pcd_ex.o
                0x0000000008005a78                HAL_PCDEx_LPM_Callback
 .text.HAL_RCC_OscConfig
                0x0000000008005a90      0x4f0 ./Drivers/STM32F4xx_HAL_Driver/Src/stm32f4xx_hal_rcc.o
                0x0000000008005a90                HAL_RCC_OscConfig
 .text.HAL_RCC_ClockConfig
                0x0000000008005f80      0x1cc ./Drivers/STM32F4xx_HAL_Driver/Src/stm32f4xx_hal_rcc.o
                0x0000000008005f80                HAL_RCC_ClockConfig
 .text.HAL_RCC_GetSysClockFreq
                0x000000000800614c      0x208 ./Drivers/STM32F4xx_HAL_Driver/Src/stm32f4xx_hal_rcc.o
                0x000000000800614c                HAL_RCC_GetSysClockFreq
 .text.HAL_RCC_GetHCLKFreq
                0x0000000008006354       0x18 ./Drivers/STM32F4xx_HAL_Driver/Src/stm32f4xx_hal_rcc.o
                0x0000000008006354                HAL_RCC_GetHCLKFreq
 .text.HAL_RCC_GetPCLK1Freq
                0x000000000800636c       0x28 ./Drivers/STM32F4xx_HAL_Driver/Src/stm32f4xx_hal_rcc.o
                0x000000000800636c                HAL_RCC_GetPCLK1Freq
 .text.HAL_SPI_Init
                0x0000000008006394      0x112 ./Drivers/STM32F4xx_HAL_Driver/Src/stm32f4xx_hal_spi.o
                0x0000000008006394                HAL_SPI_Init
 .text.HAL_SPI_Transmit
                0x00000000080064a6      0x278 ./Drivers/STM32F4xx_HAL_Driver/Src/stm32f4xx_hal_spi.o
                0x00000000080064a6                HAL_SPI_Transmit
 .text.HAL_SPI_TransmitReceive
                0x000000000800671e      0x344 ./Drivers/STM32F4xx_HAL_Driver/Src/stm32f4xx_hal_spi.o
                0x000000000800671e                HAL_SPI_TransmitReceive
 .text.HAL_SPI_GetState
                0x0000000008006a62       0x1c ./Drivers/STM32F4xx_HAL_Driver/Src/stm32f4xx_hal_spi.o
                0x0000000008006a62                HAL_SPI_GetState
 *fill*         0x0000000008006a7e        0x2 
 .text.SPI_WaitFlagStateUntilTimeout
                0x0000000008006a80      0x110 ./Drivers/STM32F4xx_HAL_Driver/Src/stm32f4xx_hal_spi.o
 .text.SPI_EndRxTxTransaction
                0x0000000008006b90       0x84 ./Drivers/STM32F4xx_HAL_Driver/Src/stm32f4xx_hal_spi.o
 .text.HAL_TIM_Base_Init
                0x0000000008006c14       0x9e ./Drivers/STM32F4xx_HAL_Driver/Src/stm32f4xx_hal_tim.o
                0x0000000008006c14                HAL_TIM_Base_Init
 *fill*         0x0000000008006cb2        0x2 
 .text.HAL_TIM_Base_Start
                0x0000000008006cb4       0xb4 ./Drivers/STM32F4xx_HAL_Driver/Src/stm32f4xx_hal_tim.o
                0x0000000008006cb4                HAL_TIM_Base_Start
 .text.HAL_TIM_ConfigClockSource
                0x0000000008006d68      0x18e ./Drivers/STM32F4xx_HAL_Driver/Src/stm32f4xx_hal_tim.o
                0x0000000008006d68                HAL_TIM_ConfigClockSource
 *fill*         0x0000000008006ef6        0x2 
 .text.TIM_Base_SetConfig
                0x0000000008006ef8      0x100 ./Drivers/STM32F4xx_HAL_Driver/Src/stm32f4xx_hal_tim.o
                0x0000000008006ef8                TIM_Base_SetConfig
 .text.TIM_TI1_ConfigInputStage
                0x0000000008006ff8       0x5e ./Drivers/STM32F4xx_HAL_Driver/Src/stm32f4xx_hal_tim.o
 .text.TIM_TI2_ConfigInputStage
                0x0000000008007056       0x60 ./Drivers/STM32F4xx_HAL_Driver/Src/stm32f4xx_hal_tim.o
 .text.TIM_ITRx_SetConfig
                0x00000000080070b6       0x36 ./Drivers/STM32F4xx_HAL_Driver/Src/stm32f4xx_hal_tim.o
 .text.TIM_ETR_SetConfig
                0x00000000080070ec       0x40 ./Drivers/STM32F4xx_HAL_Driver/Src/stm32f4xx_hal_tim.o
                0x00000000080070ec                TIM_ETR_SetConfig
 .text.HAL_TIMEx_MasterConfigSynchronization
                0x000000000800712c       0xdc ./Drivers/STM32F4xx_HAL_Driver/Src/stm32f4xx_hal_tim_ex.o
                0x000000000800712c                HAL_TIMEx_MasterConfigSynchronization
 .text.USB_CoreInit
                0x0000000008007208       0xc2 ./Drivers/STM32F4xx_HAL_Driver/Src/stm32f4xx_ll_usb.o
                0x0000000008007208                USB_CoreInit
 *fill*         0x00000000080072ca        0x2 
 .text.USB_SetTurnaroundTime
                0x00000000080072cc      0x144 ./Drivers/STM32F4xx_HAL_Driver/Src/stm32f4xx_ll_usb.o
                0x00000000080072cc                USB_SetTurnaroundTime
 .text.USB_EnableGlobalInt
                0x0000000008007410       0x22 ./Drivers/STM32F4xx_HAL_Driver/Src/stm32f4xx_ll_usb.o
                0x0000000008007410                USB_EnableGlobalInt
 .text.USB_DisableGlobalInt
                0x0000000008007432       0x22 ./Drivers/STM32F4xx_HAL_Driver/Src/stm32f4xx_ll_usb.o
                0x0000000008007432                USB_DisableGlobalInt
 .text.USB_SetCurrentMode
                0x0000000008007454       0x98 ./Drivers/STM32F4xx_HAL_Driver/Src/stm32f4xx_ll_usb.o
                0x0000000008007454                USB_SetCurrentMode
 .text.USB_DevInit
                0x00000000080074ec      0x2c8 ./Drivers/STM32F4xx_HAL_Driver/Src/stm32f4xx_ll_usb.o
                0x00000000080074ec                USB_DevInit
 .text.USB_FlushTxFifo
                0x00000000080077b4       0x68 ./Drivers/STM32F4xx_HAL_Driver/Src/stm32f4xx_ll_usb.o
                0x00000000080077b4                USB_FlushTxFifo
 .text.USB_FlushRxFifo
                0x000000000800781c       0x60 ./Drivers/STM32F4xx_HAL_Driver/Src/stm32f4xx_ll_usb.o
                0x000000000800781c                USB_FlushRxFifo
 .text.USB_SetDevSpeed
                0x000000000800787c       0x32 ./Drivers/STM32F4xx_HAL_Driver/Src/stm32f4xx_ll_usb.o
                0x000000000800787c                USB_SetDevSpeed
 .text.USB_GetDevSpeed
                0x00000000080078ae       0x4a ./Drivers/STM32F4xx_HAL_Driver/Src/stm32f4xx_ll_usb.o
                0x00000000080078ae                USB_GetDevSpeed
 .text.USB_ActivateEndpoint
                0x00000000080078f8      0x10e ./Drivers/STM32F4xx_HAL_Driver/Src/stm32f4xx_ll_usb.o
                0x00000000080078f8                USB_ActivateEndpoint
 *fill*         0x0000000008007a06        0x2 
 .text.USB_DeactivateEndpoint
                0x0000000008007a08      0x1b8 ./Drivers/STM32F4xx_HAL_Driver/Src/stm32f4xx_ll_usb.o
                0x0000000008007a08                USB_DeactivateEndpoint
 .text.USB_EPStartXfer
                0x0000000008007bc0      0x490 ./Drivers/STM32F4xx_HAL_Driver/Src/stm32f4xx_ll_usb.o
                0x0000000008007bc0                USB_EPStartXfer
 .text.USB_EP0StartXfer
                0x0000000008008050      0x2b0 ./Drivers/STM32F4xx_HAL_Driver/Src/stm32f4xx_ll_usb.o
                0x0000000008008050                USB_EP0StartXfer
 .text.USB_EPStopXfer
                0x0000000008008300      0x154 ./Drivers/STM32F4xx_HAL_Driver/Src/stm32f4xx_ll_usb.o
                0x0000000008008300                USB_EPStopXfer
 .text.USB_WritePacket
                0x0000000008008454       0x7c ./Drivers/STM32F4xx_HAL_Driver/Src/stm32f4xx_ll_usb.o
                0x0000000008008454                USB_WritePacket
 .text.USB_ReadPacket
                0x00000000080084d0       0xb0 ./Drivers/STM32F4xx_HAL_Driver/Src/stm32f4xx_ll_usb.o
                0x00000000080084d0                USB_ReadPacket
 .text.USB_EPSetStall
                0x0000000008008580       0xdc ./Drivers/STM32F4xx_HAL_Driver/Src/stm32f4xx_ll_usb.o
                0x0000000008008580                USB_EPSetStall
 .text.USB_EPClearStall
                0x000000000800865c       0xcc ./Drivers/STM32F4xx_HAL_Driver/Src/stm32f4xx_ll_usb.o
                0x000000000800865c                USB_EPClearStall
 .text.USB_SetDevAddress
                0x0000000008008728       0x4c ./Drivers/STM32F4xx_HAL_Driver/Src/stm32f4xx_ll_usb.o
                0x0000000008008728                USB_SetDevAddress
 .text.USB_DevConnect
                0x0000000008008774       0x42 ./Drivers/STM32F4xx_HAL_Driver/Src/stm32f4xx_ll_usb.o
                0x0000000008008774                USB_DevConnect
 .text.USB_DevDisconnect
                0x00000000080087b6       0x42 ./Drivers/STM32F4xx_HAL_Driver/Src/stm32f4xx_ll_usb.o
                0x00000000080087b6                USB_DevDisconnect
 .text.USB_ReadInterrupts
                0x00000000080087f8       0x26 ./Drivers/STM32F4xx_HAL_Driver/Src/stm32f4xx_ll_usb.o
                0x00000000080087f8                USB_ReadInterrupts
 .text.USB_ReadDevAllOutEpInterrupt
                0x000000000800881e       0x34 ./Drivers/STM32F4xx_HAL_Driver/Src/stm32f4xx_ll_usb.o
                0x000000000800881e                USB_ReadDevAllOutEpInterrupt
 .text.USB_ReadDevAllInEpInterrupt
                0x0000000008008852       0x34 ./Drivers/STM32F4xx_HAL_Driver/Src/stm32f4xx_ll_usb.o
                0x0000000008008852                USB_ReadDevAllInEpInterrupt
 .text.USB_ReadDevOutEPInterrupt
                0x0000000008008886       0x3c ./Drivers/STM32F4xx_HAL_Driver/Src/stm32f4xx_ll_usb.o
                0x0000000008008886                USB_ReadDevOutEPInterrupt
 .text.USB_ReadDevInEPInterrupt
                0x00000000080088c2       0x5c ./Drivers/STM32F4xx_HAL_Driver/Src/stm32f4xx_ll_usb.o
                0x00000000080088c2                USB_ReadDevInEPInterrupt
 .text.USB_GetMode
                0x000000000800891e       0x1c ./Drivers/STM32F4xx_HAL_Driver/Src/stm32f4xx_ll_usb.o
                0x000000000800891e                USB_GetMode
 .text.USB_ActivateSetup
                0x000000000800893a       0x46 ./Drivers/STM32F4xx_HAL_Driver/Src/stm32f4xx_ll_usb.o
                0x000000000800893a                USB_ActivateSetup
 .text.USB_EP0_OutStart
                0x0000000008008980       0xbc ./Drivers/STM32F4xx_HAL_Driver/Src/stm32f4xx_ll_usb.o
                0x0000000008008980                USB_EP0_OutStart
 .text.USB_CoreReset
                0x0000000008008a3c       0x68 ./Drivers/STM32F4xx_HAL_Driver/Src/stm32f4xx_ll_usb.o
 .text.MX_FATFS_Init
                0x0000000008008aa4       0x24 ./FATFS/App/fatfs.o
                0x0000000008008aa4                MX_FATFS_Init
 .text.get_fattime
                0x0000000008008ac8       0x10 ./FATFS/App/fatfs.o
                0x0000000008008ac8                get_fattime
 .text.USER_initialize
                0x0000000008008ad8       0x1e ./FATFS/Target/user_diskio.o
                0x0000000008008ad8                USER_initialize
 .text.USER_status
                0x0000000008008af6       0x1e ./FATFS/Target/user_diskio.o
                0x0000000008008af6                USER_status
 .text.USER_read
                0x0000000008008b14       0x28 ./FATFS/Target/user_diskio.o
                0x0000000008008b14                USER_read
 .text.USER_write
                0x0000000008008b3c       0x28 ./FATFS/Target/user_diskio.o
                0x0000000008008b3c                USER_write
 .text.USER_ioctl
                0x0000000008008b64       0x28 ./FATFS/Target/user_diskio.o
                0x0000000008008b64                USER_ioctl
 .text.USBD_MSC_Init
                0x0000000008008b8c      0x120 ./Middlewares/ST/STM32_USB_Device_Library/Class/MSC/Src/usbd_msc.o
                0x0000000008008b8c                USBD_MSC_Init
 .text.USBD_MSC_DeInit
                0x0000000008008cac       0xb0 ./Middlewares/ST/STM32_USB_Device_Library/Class/MSC/Src/usbd_msc.o
                0x0000000008008cac                USBD_MSC_DeInit
 .text.USBD_MSC_Setup
                0x0000000008008d5c      0x1f8 ./Middlewares/ST/STM32_USB_Device_Library/Class/MSC/Src/usbd_msc.o
                0x0000000008008d5c                USBD_MSC_Setup
 .text.USBD_MSC_DataIn
                0x0000000008008f54       0x20 ./Middlewares/ST/STM32_USB_Device_Library/Class/MSC/Src/usbd_msc.o
                0x0000000008008f54                USBD_MSC_DataIn
 .text.USBD_MSC_DataOut
                0x0000000008008f74       0x20 ./Middlewares/ST/STM32_USB_Device_Library/Class/MSC/Src/usbd_msc.o
                0x0000000008008f74                USBD_MSC_DataOut
 .text.USBD_MSC_GetHSCfgDesc
                0x0000000008008f94       0x58 ./Middlewares/ST/STM32_USB_Device_Library/Class/MSC/Src/usbd_msc.o
                0x0000000008008f94                USBD_MSC_GetHSCfgDesc
 .text.USBD_MSC_GetFSCfgDesc
                0x0000000008008fec       0x58 ./Middlewares/ST/STM32_USB_Device_Library/Class/MSC/Src/usbd_msc.o
                0x0000000008008fec                USBD_MSC_GetFSCfgDesc
 .text.USBD_MSC_GetOtherSpeedCfgDesc
                0x0000000008009044       0x58 ./Middlewares/ST/STM32_USB_Device_Library/Class/MSC/Src/usbd_msc.o
                0x0000000008009044                USBD_MSC_GetOtherSpeedCfgDesc
 .text.USBD_MSC_GetDeviceQualifierDescriptor
                0x000000000800909c       0x20 ./Middlewares/ST/STM32_USB_Device_Library/Class/MSC/Src/usbd_msc.o
                0x000000000800909c                USBD_MSC_GetDeviceQualifierDescriptor
 .text.USBD_MSC_RegisterStorage
                0x00000000080090bc       0x34 ./Middlewares/ST/STM32_USB_Device_Library/Class/MSC/Src/usbd_msc.o
                0x00000000080090bc                USBD_MSC_RegisterStorage
 .text.MSC_BOT_Init
                0x00000000080090f0       0x94 ./Middlewares/ST/STM32_USB_Device_Library/Class/MSC/Src/usbd_msc_bot.o
                0x00000000080090f0                MSC_BOT_Init
 .text.MSC_BOT_Reset
                0x0000000008009184       0x68 ./Middlewares/ST/STM32_USB_Device_Library/Class/MSC/Src/usbd_msc_bot.o
                0x0000000008009184                MSC_BOT_Reset
 .text.MSC_BOT_DeInit
                0x00000000080091ec       0x30 ./Middlewares/ST/STM32_USB_Device_Library/Class/MSC/Src/usbd_msc_bot.o
                0x00000000080091ec                MSC_BOT_DeInit
 .text.MSC_BOT_DataIn
                0x000000000800921c       0x74 ./Middlewares/ST/STM32_USB_Device_Library/Class/MSC/Src/usbd_msc_bot.o
                0x000000000800921c                MSC_BOT_DataIn
 .text.MSC_BOT_DataOut
                0x0000000008009290       0x68 ./Middlewares/ST/STM32_USB_Device_Library/Class/MSC/Src/usbd_msc_bot.o
                0x0000000008009290                MSC_BOT_DataOut
 .text.MSC_BOT_CBW_Decode
                0x00000000080092f8      0x128 ./Middlewares/ST/STM32_USB_Device_Library/Class/MSC/Src/usbd_msc_bot.o
 .text.MSC_BOT_SendData
                0x0000000008009420       0x6c ./Middlewares/ST/STM32_USB_Device_Library/Class/MSC/Src/usbd_msc_bot.o
 .text.MSC_BOT_SendCSW
                0x000000000800948c       0x74 ./Middlewares/ST/STM32_USB_Device_Library/Class/MSC/Src/usbd_msc_bot.o
                0x000000000800948c                MSC_BOT_SendCSW
 .text.MSC_BOT_Abort
                0x0000000008009500       0x84 ./Middlewares/ST/STM32_USB_Device_Library/Class/MSC/Src/usbd_msc_bot.o
 .text.MSC_BOT_CplClrFeature
                0x0000000008009584       0x74 ./Middlewares/ST/STM32_USB_Device_Library/Class/MSC/Src/usbd_msc_bot.o
                0x0000000008009584                MSC_BOT_CplClrFeature
 .text.SCSI_ProcessCmd
                0x00000000080095f8      0x304 ./Middlewares/ST/STM32_USB_Device_Library/Class/MSC/Src/usbd_msc_scsi.o
                0x00000000080095f8                SCSI_ProcessCmd
 .text.SCSI_TestUnitReady
                0x00000000080098fc       0xb2 ./Middlewares/ST/STM32_USB_Device_Library/Class/MSC/Src/usbd_msc_scsi.o
 *fill*         0x00000000080099ae        0x2 
 .text.SCSI_Inquiry
                0x00000000080099b0       0xfc ./Middlewares/ST/STM32_USB_Device_Library/Class/MSC/Src/usbd_msc_scsi.o
 .text.SCSI_ReadCapacity10
                0x0000000008009aac       0xfc ./Middlewares/ST/STM32_USB_Device_Library/Class/MSC/Src/usbd_msc_scsi.o
 .text.SCSI_ReadCapacity16
                0x0000000008009ba8      0x166 ./Middlewares/ST/STM32_USB_Device_Library/Class/MSC/Src/usbd_msc_scsi.o
 .text.SCSI_ReadFormatCapacity
                0x0000000008009d0e       0xf6 ./Middlewares/ST/STM32_USB_Device_Library/Class/MSC/Src/usbd_msc_scsi.o
 .text.SCSI_ModeSense6
                0x0000000008009e04       0x60 ./Middlewares/ST/STM32_USB_Device_Library/Class/MSC/Src/usbd_msc_scsi.o
 .text.SCSI_ModeSense10
                0x0000000008009e64       0x60 ./Middlewares/ST/STM32_USB_Device_Library/Class/MSC/Src/usbd_msc_scsi.o
 .text.SCSI_RequestSense
                0x0000000008009ec4      0x106 ./Middlewares/ST/STM32_USB_Device_Library/Class/MSC/Src/usbd_msc_scsi.o
 .text.SCSI_SenseCode
                0x0000000008009fca       0x96 ./Middlewares/ST/STM32_USB_Device_Library/Class/MSC/Src/usbd_msc_scsi.o
                0x0000000008009fca                SCSI_SenseCode
 .text.SCSI_StartStopUnit
                0x000000000800a060       0xaa ./Middlewares/ST/STM32_USB_Device_Library/Class/MSC/Src/usbd_msc_scsi.o
 .text.SCSI_AllowPreventRemovable
                0x000000000800a10a       0x5a ./Middlewares/ST/STM32_USB_Device_Library/Class/MSC/Src/usbd_msc_scsi.o
 .text.SCSI_Read10
                0x000000000800a164      0x154 ./Middlewares/ST/STM32_USB_Device_Library/Class/MSC/Src/usbd_msc_scsi.o
 .text.SCSI_Read12
                0x000000000800a2b8      0x168 ./Middlewares/ST/STM32_USB_Device_Library/Class/MSC/Src/usbd_msc_scsi.o
 .text.SCSI_Write10
                0x000000000800a420      0x1ac ./Middlewares/ST/STM32_USB_Device_Library/Class/MSC/Src/usbd_msc_scsi.o
 .text.SCSI_Write12
                0x000000000800a5cc      0x1cc ./Middlewares/ST/STM32_USB_Device_Library/Class/MSC/Src/usbd_msc_scsi.o
 .text.SCSI_Verify10
                0x000000000800a798       0x7a ./Middlewares/ST/STM32_USB_Device_Library/Class/MSC/Src/usbd_msc_scsi.o
 .text.SCSI_CheckAddressRange
                0x000000000800a812       0x58 ./Middlewares/ST/STM32_USB_Device_Library/Class/MSC/Src/usbd_msc_scsi.o
 *fill*         0x000000000800a86a        0x2 
 .text.SCSI_ProcessRead
                0x000000000800a86c      0x10c ./Middlewares/ST/STM32_USB_Device_Library/Class/MSC/Src/usbd_msc_scsi.o
 .text.SCSI_ProcessWrite
                0x000000000800a978      0x12c ./Middlewares/ST/STM32_USB_Device_Library/Class/MSC/Src/usbd_msc_scsi.o
 .text.SCSI_UpdateBotData
                0x000000000800aaa4       0x52 ./Middlewares/ST/STM32_USB_Device_Library/Class/MSC/Src/usbd_msc_scsi.o
 .text.USBD_Init
                0x000000000800aaf6       0x60 ./Middlewares/ST/STM32_USB_Device_Library/Core/Src/usbd_core.o
                0x000000000800aaf6                USBD_Init
 .text.USBD_RegisterClass
                0x000000000800ab56       0x6c ./Middlewares/ST/STM32_USB_Device_Library/Core/Src/usbd_core.o
                0x000000000800ab56                USBD_RegisterClass
 .text.USBD_Start
                0x000000000800abc2       0x18 ./Middlewares/ST/STM32_USB_Device_Library/Core/Src/usbd_core.o
                0x000000000800abc2                USBD_Start
 .text.USBD_RunTestMode
                0x000000000800abda       0x16 ./Middlewares/ST/STM32_USB_Device_Library/Core/Src/usbd_core.o
                0x000000000800abda                USBD_RunTestMode
 .text.USBD_SetClassConfig
                0x000000000800abf0       0x38 ./Middlewares/ST/STM32_USB_Device_Library/Core/Src/usbd_core.o
                0x000000000800abf0                USBD_SetClassConfig
 .text.USBD_ClrClassConfig
                0x000000000800ac28       0x34 ./Middlewares/ST/STM32_USB_Device_Library/Core/Src/usbd_core.o
                0x000000000800ac28                USBD_ClrClassConfig
 .text.USBD_LL_SetupStage
                0x000000000800ac5c       0xaa ./Middlewares/ST/STM32_USB_Device_Library/Core/Src/usbd_core.o
                0x000000000800ac5c                USBD_LL_SetupStage
 .text.USBD_LL_DataOutStage
                0x000000000800ad06      0x166 ./Middlewares/ST/STM32_USB_Device_Library/Core/Src/usbd_core.o
                0x000000000800ad06                USBD_LL_DataOutStage
 .text.USBD_LL_DataInStage
                0x000000000800ae6c      0x164 ./Middlewares/ST/STM32_USB_Device_Library/Core/Src/usbd_core.o
                0x000000000800ae6c                USBD_LL_DataInStage
 .text.USBD_LL_Reset
                0x000000000800afd0       0xa4 ./Middlewares/ST/STM32_USB_Device_Library/Core/Src/usbd_core.o
                0x000000000800afd0                USBD_LL_Reset
 .text.USBD_LL_SetSpeed
                0x000000000800b074       0x20 ./Middlewares/ST/STM32_USB_Device_Library/Core/Src/usbd_core.o
                0x000000000800b074                USBD_LL_SetSpeed
 .text.USBD_LL_Suspend
                0x000000000800b094       0x2c ./Middlewares/ST/STM32_USB_Device_Library/Core/Src/usbd_core.o
                0x000000000800b094                USBD_LL_Suspend
 .text.USBD_LL_Resume
                0x000000000800b0c0       0x30 ./Middlewares/ST/STM32_USB_Device_Library/Core/Src/usbd_core.o
                0x000000000800b0c0                USBD_LL_Resume
 .text.USBD_LL_SOF
                0x000000000800b0f0       0x40 ./Middlewares/ST/STM32_USB_Device_Library/Core/Src/usbd_core.o
                0x000000000800b0f0                USBD_LL_SOF
 .text.USBD_LL_IsoINIncomplete
                0x000000000800b130       0x64 ./Middlewares/ST/STM32_USB_Device_Library/Core/Src/usbd_core.o
                0x000000000800b130                USBD_LL_IsoINIncomplete
 .text.USBD_LL_IsoOUTIncomplete
                0x000000000800b194       0x64 ./Middlewares/ST/STM32_USB_Device_Library/Core/Src/usbd_core.o
                0x000000000800b194                USBD_LL_IsoOUTIncomplete
 .text.USBD_LL_DevConnected
                0x000000000800b1f8       0x16 ./Middlewares/ST/STM32_USB_Device_Library/Core/Src/usbd_core.o
                0x000000000800b1f8                USBD_LL_DevConnected
 .text.USBD_LL_DevDisconnected
                0x000000000800b20e       0x46 ./Middlewares/ST/STM32_USB_Device_Library/Core/Src/usbd_core.o
                0x000000000800b20e                USBD_LL_DevDisconnected
 .text.USBD_CoreFindIF
                0x000000000800b254       0x1a ./Middlewares/ST/STM32_USB_Device_Library/Core/Src/usbd_core.o
                0x000000000800b254                USBD_CoreFindIF
 .text.USBD_CoreFindEP
                0x000000000800b26e       0x1a ./Middlewares/ST/STM32_USB_Device_Library/Core/Src/usbd_core.o
                0x000000000800b26e                USBD_CoreFindEP
 .text.USBD_GetEpDesc
                0x000000000800b288       0x74 ./Middlewares/ST/STM32_USB_Device_Library/Core/Src/usbd_core.o
                0x000000000800b288                USBD_GetEpDesc
 .text.USBD_GetNextDesc
                0x000000000800b2fc       0x3a ./Middlewares/ST/STM32_USB_Device_Library/Core/Src/usbd_core.o
                0x000000000800b2fc                USBD_GetNextDesc
 .text.SWAPBYTE
                0x000000000800b336       0x3c ./Middlewares/ST/STM32_USB_Device_Library/Core/Src/usbd_ctlreq.o
 *fill*         0x000000000800b372        0x2 
 .text.USBD_StdDevReq
                0x000000000800b374       0xe4 ./Middlewares/ST/STM32_USB_Device_Library/Core/Src/usbd_ctlreq.o
                0x000000000800b374                USBD_StdDevReq
 .text.USBD_StdItfReq
                0x000000000800b458       0xd8 ./Middlewares/ST/STM32_USB_Device_Library/Core/Src/usbd_ctlreq.o
                0x000000000800b458                USBD_StdItfReq
 .text.USBD_StdEPReq
                0x000000000800b530      0x33a ./Middlewares/ST/STM32_USB_Device_Library/Core/Src/usbd_ctlreq.o
                0x000000000800b530                USBD_StdEPReq
 *fill*         0x000000000800b86a        0x2 
 .text.USBD_GetDescriptor
                0x000000000800b86c      0x2d4 ./Middlewares/ST/STM32_USB_Device_Library/Core/Src/usbd_ctlreq.o
 .text.USBD_SetAddress
                0x000000000800bb40       0x88 ./Middlewares/ST/STM32_USB_Device_Library/Core/Src/usbd_ctlreq.o
 .text.USBD_SetConfig
                0x000000000800bbc8      0x154 ./Middlewares/ST/STM32_USB_Device_Library/Core/Src/usbd_ctlreq.o
 .text.USBD_GetConfig
                0x000000000800bd1c       0x6c ./Middlewares/ST/STM32_USB_Device_Library/Core/Src/usbd_ctlreq.o
 .text.USBD_GetStatus
                0x000000000800bd88       0x68 ./Middlewares/ST/STM32_USB_Device_Library/Core/Src/usbd_ctlreq.o
 .text.USBD_SetFeature
                0x000000000800bdf0       0x52 ./Middlewares/ST/STM32_USB_Device_Library/Core/Src/usbd_ctlreq.o
 .text.USBD_ClrFeature
                0x000000000800be42       0x44 ./Middlewares/ST/STM32_USB_Device_Library/Core/Src/usbd_ctlreq.o
 .text.USBD_ParseSetupRequest
                0x000000000800be86       0x74 ./Middlewares/ST/STM32_USB_Device_Library/Core/Src/usbd_ctlreq.o
                0x000000000800be86                USBD_ParseSetupRequest
 .text.USBD_CtlError
                0x000000000800befa       0x22 ./Middlewares/ST/STM32_USB_Device_Library/Core/Src/usbd_ctlreq.o
                0x000000000800befa                USBD_CtlError
 .text.USBD_GetString
                0x000000000800bf1c       0x8c ./Middlewares/ST/STM32_USB_Device_Library/Core/Src/usbd_ctlreq.o
                0x000000000800bf1c                USBD_GetString
 .text.USBD_GetLen
                0x000000000800bfa8       0x34 ./Middlewares/ST/STM32_USB_Device_Library/Core/Src/usbd_ctlreq.o
 .text.USBD_CtlSendData
                0x000000000800bfdc       0x36 ./Middlewares/ST/STM32_USB_Device_Library/Core/Src/usbd_ioreq.o
                0x000000000800bfdc                USBD_CtlSendData
 .text.USBD_CtlContinueSendData
                0x000000000800c012       0x22 ./Middlewares/ST/STM32_USB_Device_Library/Core/Src/usbd_ioreq.o
                0x000000000800c012                USBD_CtlContinueSendData
 .text.USBD_CtlContinueRx
                0x000000000800c034       0x22 ./Middlewares/ST/STM32_USB_Device_Library/Core/Src/usbd_ioreq.o
                0x000000000800c034                USBD_CtlContinueRx
 .text.USBD_CtlSendStatus
                0x000000000800c056       0x26 ./Middlewares/ST/STM32_USB_Device_Library/Core/Src/usbd_ioreq.o
                0x000000000800c056                USBD_CtlSendStatus
 .text.USBD_CtlReceiveStatus
                0x000000000800c07c       0x26 ./Middlewares/ST/STM32_USB_Device_Library/Core/Src/usbd_ioreq.o
                0x000000000800c07c                USBD_CtlReceiveStatus
 *fill*         0x000000000800c0a2        0x2 
 .text.disk_status
                0x000000000800c0a4       0x34 ./Middlewares/Third_Party/FatFs/src/diskio.o
                0x000000000800c0a4                disk_status
 .text.disk_initialize
                0x000000000800c0d8       0x4c ./Middlewares/Third_Party/FatFs/src/diskio.o
                0x000000000800c0d8                disk_initialize
 .text.disk_read
                0x000000000800c124       0x40 ./Middlewares/Third_Party/FatFs/src/diskio.o
                0x000000000800c124                disk_read
 .text.disk_write
                0x000000000800c164       0x40 ./Middlewares/Third_Party/FatFs/src/diskio.o
                0x000000000800c164                disk_write
 .text.disk_ioctl
                0x000000000800c1a4       0x3c ./Middlewares/Third_Party/FatFs/src/diskio.o
                0x000000000800c1a4                disk_ioctl
 .text.ld_word  0x000000000800c1e0       0x30 ./Middlewares/Third_Party/FatFs/src/ff.o
 .text.ld_dword
                0x000000000800c210       0x46 ./Middlewares/Third_Party/FatFs/src/ff.o
 .text.st_word  0x000000000800c256       0x36 ./Middlewares/Third_Party/FatFs/src/ff.o
 .text.st_dword
                0x000000000800c28c       0x58 ./Middlewares/Third_Party/FatFs/src/ff.o
 .text.mem_cpy  0x000000000800c2e4       0x42 ./Middlewares/Third_Party/FatFs/src/ff.o
 .text.mem_set  0x000000000800c326       0x36 ./Middlewares/Third_Party/FatFs/src/ff.o
 .text.mem_cmp  0x000000000800c35c       0x4e ./Middlewares/Third_Party/FatFs/src/ff.o
 .text.chk_chr  0x000000000800c3aa       0x36 ./Middlewares/Third_Party/FatFs/src/ff.o
 .text.chk_lock
                0x000000000800c3e0       0xb8 ./Middlewares/Third_Party/FatFs/src/ff.o
 .text.enq_lock
                0x000000000800c498       0x44 ./Middlewares/Third_Party/FatFs/src/ff.o
 .text.inc_lock
                0x000000000800c4dc      0x11c ./Middlewares/Third_Party/FatFs/src/ff.o
 .text.dec_lock
                0x000000000800c5f8       0x78 ./Middlewares/Third_Party/FatFs/src/ff.o
 .text.clear_lock
                0x000000000800c670       0x48 ./Middlewares/Third_Party/FatFs/src/ff.o
 .text.sync_window
                0x000000000800c6b8       0x88 ./Middlewares/Third_Party/FatFs/src/ff.o
 .text.move_window
                0x000000000800c740       0x5a ./Middlewares/Third_Party/FatFs/src/ff.o
 *fill*         0x000000000800c79a        0x2 
 .text.sync_fs  0x000000000800c79c       0xe0 ./Middlewares/Third_Party/FatFs/src/ff.o
 .text.clust2sect
                0x000000000800c87c       0x3e ./Middlewares/Third_Party/FatFs/src/ff.o
 .text.get_fat  0x000000000800c8ba      0x1a8 ./Middlewares/Third_Party/FatFs/src/ff.o
 .text.put_fat  0x000000000800ca62      0x238 ./Middlewares/Third_Party/FatFs/src/ff.o
 .text.remove_chain
                0x000000000800cc9a       0xca ./Middlewares/Third_Party/FatFs/src/ff.o
 .text.create_chain
                0x000000000800cd64      0x130 ./Middlewares/Third_Party/FatFs/src/ff.o
 .text.clmt_clust
                0x000000000800ce94       0x70 ./Middlewares/Third_Party/FatFs/src/ff.o
 .text.dir_sdi  0x000000000800cf04      0x112 ./Middlewares/Third_Party/FatFs/src/ff.o
 .text.dir_next
                0x000000000800d016      0x1ac ./Middlewares/Third_Party/FatFs/src/ff.o
 .text.dir_alloc
                0x000000000800d1c2       0x8e ./Middlewares/Third_Party/FatFs/src/ff.o
 .text.ld_clust
                0x000000000800d250       0x3e ./Middlewares/Third_Party/FatFs/src/ff.o
 .text.st_clust
                0x000000000800d28e       0x40 ./Middlewares/Third_Party/FatFs/src/ff.o
 *fill*         0x000000000800d2ce        0x2 
 .text.cmp_lfn  0x000000000800d2d0       0xe0 ./Middlewares/Third_Party/FatFs/src/ff.o
 .text.pick_lfn
                0x000000000800d3b0       0xc8 ./Middlewares/Third_Party/FatFs/src/ff.o
 .text.put_lfn  0x000000000800d478       0xd0 ./Middlewares/Third_Party/FatFs/src/ff.o
 .text.gen_numname
                0x000000000800d548      0x11c ./Middlewares/Third_Party/FatFs/src/ff.o
 .text.sum_sfn  0x000000000800d664       0x42 ./Middlewares/Third_Party/FatFs/src/ff.o
 .text.dir_read
                0x000000000800d6a6      0x14e ./Middlewares/Third_Party/FatFs/src/ff.o
 .text.dir_find
                0x000000000800d7f4      0x180 ./Middlewares/Third_Party/FatFs/src/ff.o
 .text.dir_register
                0x000000000800d974      0x1f0 ./Middlewares/Third_Party/FatFs/src/ff.o
 .text.dir_remove
                0x000000000800db64       0x94 ./Middlewares/Third_Party/FatFs/src/ff.o
 .text.create_name
                0x000000000800dbf8      0x370 ./Middlewares/Third_Party/FatFs/src/ff.o
 .text.follow_path
                0x000000000800df68       0xec ./Middlewares/Third_Party/FatFs/src/ff.o
 .text.get_ldnumber
                0x000000000800e054       0x88 ./Middlewares/Third_Party/FatFs/src/ff.o
 .text.check_fs
                0x000000000800e0dc       0xac ./Middlewares/Third_Party/FatFs/src/ff.o
 .text.find_volume
                0x000000000800e188      0x50c ./Middlewares/Third_Party/FatFs/src/ff.o
 .text.validate
                0x000000000800e694       0x6a ./Middlewares/Third_Party/FatFs/src/ff.o
 *fill*         0x000000000800e6fe        0x2 
 .text.f_mount  0x000000000800e700       0x8c ./Middlewares/Third_Party/FatFs/src/ff.o
                0x000000000800e700                f_mount
 .text.f_open   0x000000000800e78c      0x398 ./Middlewares/Third_Party/FatFs/src/ff.o
                0x000000000800e78c                f_open
 .text.f_write  0x000000000800eb24      0x328 ./Middlewares/Third_Party/FatFs/src/ff.o
                0x000000000800eb24                f_write
 .text.f_sync   0x000000000800ee4c       0xfc ./Middlewares/Third_Party/FatFs/src/ff.o
                0x000000000800ee4c                f_sync
 .text.f_close  0x000000000800ef48       0x54 ./Middlewares/Third_Party/FatFs/src/ff.o
                0x000000000800ef48                f_close
 .text.f_unlink
                0x000000000800ef9c      0x156 ./Middlewares/Third_Party/FatFs/src/ff.o
                0x000000000800ef9c                f_unlink
 .text.putc_bfd
                0x000000000800f0f2       0x7a ./Middlewares/Third_Party/FatFs/src/ff.o
 .text.putc_flush
                0x000000000800f16c       0x4a ./Middlewares/Third_Party/FatFs/src/ff.o
 .text.putc_init
                0x000000000800f1b6       0x2a ./Middlewares/Third_Party/FatFs/src/ff.o
 .text.f_puts   0x000000000800f1e0       0x48 ./Middlewares/Third_Party/FatFs/src/ff.o
                0x000000000800f1e0                f_puts
 .text.FATFS_LinkDriverEx
                0x000000000800f228       0x98 ./Middlewares/Third_Party/FatFs/src/ff_gen_drv.o
                0x000000000800f228                FATFS_LinkDriverEx
 .text.FATFS_LinkDriver
                0x000000000800f2c0       0x1e ./Middlewares/Third_Party/FatFs/src/ff_gen_drv.o
                0x000000000800f2c0                FATFS_LinkDriver
 *fill*         0x000000000800f2de        0x2 
 .text.ff_convert
                0x000000000800f2e0       0x78 ./Middlewares/Third_Party/FatFs/src/option/ccsbcs.o
                0x000000000800f2e0                ff_convert
 .text.ff_wtoupper
                0x000000000800f358      0x114 ./Middlewares/Third_Party/FatFs/src/option/ccsbcs.o
                0x000000000800f358                ff_wtoupper
 .text.MX_USB_DEVICE_Init
                0x000000000800f46c       0x60 ./USB_DEVICE/App/usb_device.o
                0x000000000800f46c                MX_USB_DEVICE_Init
 .text.USBD_FS_DeviceDescriptor
                0x000000000800f4cc       0x24 ./USB_DEVICE/App/usbd_desc.o
                0x000000000800f4cc                USBD_FS_DeviceDescriptor
 .text.USBD_FS_LangIDStrDescriptor
                0x000000000800f4f0       0x24 ./USB_DEVICE/App/usbd_desc.o
                0x000000000800f4f0                USBD_FS_LangIDStrDescriptor
 .text.USBD_FS_ProductStrDescriptor
                0x000000000800f514       0x3c ./USB_DEVICE/App/usbd_desc.o
                0x000000000800f514                USBD_FS_ProductStrDescriptor
 .text.USBD_FS_ManufacturerStrDescriptor
                0x000000000800f550       0x28 ./USB_DEVICE/App/usbd_desc.o
                0x000000000800f550                USBD_FS_ManufacturerStrDescriptor
 .text.USBD_FS_SerialStrDescriptor
                0x000000000800f578       0x24 ./USB_DEVICE/App/usbd_desc.o
                0x000000000800f578                USBD_FS_SerialStrDescriptor
 .text.USBD_FS_ConfigStrDescriptor
                0x000000000800f59c       0x3c ./USB_DEVICE/App/usbd_desc.o
                0x000000000800f59c                USBD_FS_ConfigStrDescriptor
 .text.USBD_FS_InterfaceStrDescriptor
                0x000000000800f5d8       0x3c ./USB_DEVICE/App/usbd_desc.o
                0x000000000800f5d8                USBD_FS_InterfaceStrDescriptor
 .text.Get_SerialNum
                0x000000000800f614       0x58 ./USB_DEVICE/App/usbd_desc.o
 .text.IntToUnicode
                0x000000000800f66c       0x7e ./USB_DEVICE/App/usbd_desc.o
 *fill*         0x000000000800f6ea        0x2 
 .text.STORAGE_Init_FS
                0x000000000800f6ec       0x28 ./USB_DEVICE/App/usbd_storage_if.o
 .text.STORAGE_GetCapacity_FS
                0x000000000800f714       0x2c ./USB_DEVICE/App/usbd_storage_if.o
 .text.STORAGE_IsReady_FS
                0x000000000800f740       0x18 ./USB_DEVICE/App/usbd_storage_if.o
 .text.STORAGE_IsWriteProtected_FS
                0x000000000800f758       0x18 ./USB_DEVICE/App/usbd_storage_if.o
 .text.STORAGE_Read_FS
                0x000000000800f770       0x38 ./USB_DEVICE/App/usbd_storage_if.o
 .text.STORAGE_Write_FS
                0x000000000800f7a8       0x38 ./USB_DEVICE/App/usbd_storage_if.o
 .text.STORAGE_GetMaxLun_FS
                0x000000000800f7e0       0x10 ./USB_DEVICE/App/usbd_storage_if.o
 .text.HAL_PCD_MspInit
                0x000000000800f7f0       0xa8 ./USB_DEVICE/Target/usbd_conf.o
                0x000000000800f7f0                HAL_PCD_MspInit
 .text.HAL_PCD_SetupStageCallback
                0x000000000800f898       0x24 ./USB_DEVICE/Target/usbd_conf.o
                0x000000000800f898                HAL_PCD_SetupStageCallback
 .text.HAL_PCD_DataOutStageCallback
                0x000000000800f8bc       0x36 ./USB_DEVICE/Target/usbd_conf.o
                0x000000000800f8bc                HAL_PCD_DataOutStageCallback
 .text.HAL_PCD_DataInStageCallback
                0x000000000800f8f2       0x34 ./USB_DEVICE/Target/usbd_conf.o
                0x000000000800f8f2                HAL_PCD_DataInStageCallback
 .text.HAL_PCD_SOFCallback
                0x000000000800f926       0x1c ./USB_DEVICE/Target/usbd_conf.o
                0x000000000800f926                HAL_PCD_SOFCallback
 .text.HAL_PCD_ResetCallback
                0x000000000800f942       0x3c ./USB_DEVICE/Target/usbd_conf.o
                0x000000000800f942                HAL_PCD_ResetCallback
 *fill*         0x000000000800f97e        0x2 
 .text.HAL_PCD_SuspendCallback
                0x000000000800f980       0x4c ./USB_DEVICE/Target/usbd_conf.o
                0x000000000800f980                HAL_PCD_SuspendCallback
 .text.HAL_PCD_ResumeCallback
                0x000000000800f9cc       0x1c ./USB_DEVICE/Target/usbd_conf.o
                0x000000000800f9cc                HAL_PCD_ResumeCallback
 .text.HAL_PCD_ISOOUTIncompleteCallback
                0x000000000800f9e8       0x24 ./USB_DEVICE/Target/usbd_conf.o
                0x000000000800f9e8                HAL_PCD_ISOOUTIncompleteCallback
 .text.HAL_PCD_ISOINIncompleteCallback
                0x000000000800fa0c       0x24 ./USB_DEVICE/Target/usbd_conf.o
                0x000000000800fa0c                HAL_PCD_ISOINIncompleteCallback
 .text.HAL_PCD_ConnectCallback
                0x000000000800fa30       0x1c ./USB_DEVICE/Target/usbd_conf.o
                0x000000000800fa30                HAL_PCD_ConnectCallback
 .text.HAL_PCD_DisconnectCallback
                0x000000000800fa4c       0x1c ./USB_DEVICE/Target/usbd_conf.o
                0x000000000800fa4c                HAL_PCD_DisconnectCallback
 .text.USBD_LL_Init
                0x000000000800fa68       0x98 ./USB_DEVICE/Target/usbd_conf.o
                0x000000000800fa68                USBD_LL_Init
 .text.USBD_LL_Start
                0x000000000800fb00       0x36 ./USB_DEVICE/Target/usbd_conf.o
                0x000000000800fb00                USBD_LL_Start
 .text.USBD_LL_OpenEP
                0x000000000800fb36       0x4c ./USB_DEVICE/Target/usbd_conf.o
                0x000000000800fb36                USBD_LL_OpenEP
 .text.USBD_LL_CloseEP
                0x000000000800fb82       0x3e ./USB_DEVICE/Target/usbd_conf.o
                0x000000000800fb82                USBD_LL_CloseEP
 .text.USBD_LL_FlushEP
                0x000000000800fbc0       0x3e ./USB_DEVICE/Target/usbd_conf.o
                0x000000000800fbc0                USBD_LL_FlushEP
 .text.USBD_LL_StallEP
                0x000000000800fbfe       0x3e ./USB_DEVICE/Target/usbd_conf.o
                0x000000000800fbfe                USBD_LL_StallEP
 .text.USBD_LL_ClearStallEP
                0x000000000800fc3c       0x3e ./USB_DEVICE/Target/usbd_conf.o
                0x000000000800fc3c                USBD_LL_ClearStallEP
 .text.USBD_LL_IsStallEP
                0x000000000800fc7a       0x58 ./USB_DEVICE/Target/usbd_conf.o
                0x000000000800fc7a                USBD_LL_IsStallEP
 .text.USBD_LL_SetUSBAddress
                0x000000000800fcd2       0x3e ./USB_DEVICE/Target/usbd_conf.o
                0x000000000800fcd2                USBD_LL_SetUSBAddress
 .text.USBD_LL_Transmit
                0x000000000800fd10       0x42 ./USB_DEVICE/Target/usbd_conf.o
                0x000000000800fd10                USBD_LL_Transmit
 .text.USBD_LL_PrepareReceive
                0x000000000800fd52       0x42 ./USB_DEVICE/Target/usbd_conf.o
                0x000000000800fd52                USBD_LL_PrepareReceive
 .text.USBD_LL_GetRxDataSize
                0x000000000800fd94       0x26 ./USB_DEVICE/Target/usbd_conf.o
                0x000000000800fd94                USBD_LL_GetRxDataSize
 *fill*         0x000000000800fdba        0x2 
 .text.USBD_static_malloc
                0x000000000800fdbc       0x1c ./USB_DEVICE/Target/usbd_conf.o
                0x000000000800fdbc                USBD_static_malloc
 .text.USBD_static_free
                0x000000000800fdd8       0x14 ./USB_DEVICE/Target/usbd_conf.o
                0x000000000800fdd8                USBD_static_free
 .text.USBD_Get_USB_Status
                0x000000000800fdec       0x58 ./USB_DEVICE/Target/usbd_conf.o
                0x000000000800fdec                USBD_Get_USB_Status
 .text.__errno  0x000000000800fe44        0xc c:/st/stm32cubeide_1.12.1/stm32cubeide/plugins/com.st.stm32cube.ide.mcu.externaltools.gnu-tools-for-stm32.10.3-2021.10.win32_1.0.200.202301161003/tools/bin/../lib/gcc/arm-none-eabi/10.3.1/../../../../arm-none-eabi/lib/thumb/v7e-m+fp/hard\libc_nano.a(lib_a-errno.o)
                0x000000000800fe44                __errno
 .text.__libc_init_array
                0x000000000800fe50       0x48 c:/st/stm32cubeide_1.12.1/stm32cubeide/plugins/com.st.stm32cube.ide.mcu.externaltools.gnu-tools-for-stm32.10.3-2021.10.win32_1.0.200.202301161003/tools/bin/../lib/gcc/arm-none-eabi/10.3.1/../../../../arm-none-eabi/lib/thumb/v7e-m+fp/hard\libc_nano.a(lib_a-init.o)
                0x000000000800fe50                __libc_init_array
 .text.memset   0x000000000800fe98       0x10 c:/st/stm32cubeide_1.12.1/stm32cubeide/plugins/com.st.stm32cube.ide.mcu.externaltools.gnu-tools-for-stm32.10.3-2021.10.win32_1.0.200.202301161003/tools/bin/../lib/gcc/arm-none-eabi/10.3.1/../../../../arm-none-eabi/lib/thumb/v7e-m+fp/hard\libc_nano.a(lib_a-memset.o)
                0x000000000800fe98                memset
 .text.__cvt    0x000000000800fea8       0xc4 c:/st/stm32cubeide_1.12.1/stm32cubeide/plugins/com.st.stm32cube.ide.mcu.externaltools.gnu-tools-for-stm32.10.3-2021.10.win32_1.0.200.202301161003/tools/bin/../lib/gcc/arm-none-eabi/10.3.1/../../../../arm-none-eabi/lib/thumb/v7e-m+fp/hard\libc_nano.a(lib_a-nano-vfprintf_float.o)
                0x000000000800fea8                __cvt
 .text.__exponent
                0x000000000800ff6c       0x7c c:/st/stm32cubeide_1.12.1/stm32cubeide/plugins/com.st.stm32cube.ide.mcu.externaltools.gnu-tools-for-stm32.10.3-2021.10.win32_1.0.200.202301161003/tools/bin/../lib/gcc/arm-none-eabi/10.3.1/../../../../arm-none-eabi/lib/thumb/v7e-m+fp/hard\libc_nano.a(lib_a-nano-vfprintf_float.o)
                0x000000000800ff6c                __exponent
 .text._printf_float
                0x000000000800ffe8      0x46c c:/st/stm32cubeide_1.12.1/stm32cubeide/plugins/com.st.stm32cube.ide.mcu.externaltools.gnu-tools-for-stm32.10.3-2021.10.win32_1.0.200.202301161003/tools/bin/../lib/gcc/arm-none-eabi/10.3.1/../../../../arm-none-eabi/lib/thumb/v7e-m+fp/hard\libc_nano.a(lib_a-nano-vfprintf_float.o)
                0x000000000800ffe8                _printf_float
 .text._printf_common
                0x0000000008010454       0xda c:/st/stm32cubeide_1.12.1/stm32cubeide/plugins/com.st.stm32cube.ide.mcu.externaltools.gnu-tools-for-stm32.10.3-2021.10.win32_1.0.200.202301161003/tools/bin/../lib/gcc/arm-none-eabi/10.3.1/../../../../arm-none-eabi/lib/thumb/v7e-m+fp/hard\libc_nano.a(lib_a-nano-vfprintf_i.o)
                0x0000000008010454                _printf_common
 *fill*         0x000000000801052e        0x2 
 .text._printf_i
                0x0000000008010530      0x24c c:/st/stm32cubeide_1.12.1/stm32cubeide/plugins/com.st.stm32cube.ide.mcu.externaltools.gnu-tools-for-stm32.10.3-2021.10.win32_1.0.200.202301161003/tools/bin/../lib/gcc/arm-none-eabi/10.3.1/../../../../arm-none-eabi/lib/thumb/v7e-m+fp/hard\libc_nano.a(lib_a-nano-vfprintf_i.o)
                0x0000000008010530                _printf_i
 .text.sprintf  0x000000000801077c       0x40 c:/st/stm32cubeide_1.12.1/stm32cubeide/plugins/com.st.stm32cube.ide.mcu.externaltools.gnu-tools-for-stm32.10.3-2021.10.win32_1.0.200.202301161003/tools/bin/../lib/gcc/arm-none-eabi/10.3.1/../../../../arm-none-eabi/lib/thumb/v7e-m+fp/hard\libc_nano.a(lib_a-sprintf.o)
                0x000000000801077c                siprintf
                0x000000000801077c                sprintf
 .text.quorem   0x00000000080107bc      0x116 c:/st/stm32cubeide_1.12.1/stm32cubeide/plugins/com.st.stm32cube.ide.mcu.externaltools.gnu-tools-for-stm32.10.3-2021.10.win32_1.0.200.202301161003/tools/bin/../lib/gcc/arm-none-eabi/10.3.1/../../../../arm-none-eabi/lib/thumb/v7e-m+fp/hard\libc_nano.a(lib_a-dtoa.o)
 *fill*         0x00000000080108d2        0x6 
 .text._dtoa_r  0x00000000080108d8      0xbdc c:/st/stm32cubeide_1.12.1/stm32cubeide/plugins/com.st.stm32cube.ide.mcu.externaltools.gnu-tools-for-stm32.10.3-2021.10.win32_1.0.200.202301161003/tools/bin/../lib/gcc/arm-none-eabi/10.3.1/../../../../arm-none-eabi/lib/thumb/v7e-m+fp/hard\libc_nano.a(lib_a-dtoa.o)
                0x00000000080108d8                _dtoa_r
 .text._localeconv_r
                0x00000000080114b4        0x8 c:/st/stm32cubeide_1.12.1/stm32cubeide/plugins/com.st.stm32cube.ide.mcu.externaltools.gnu-tools-for-stm32.10.3-2021.10.win32_1.0.200.202301161003/tools/bin/../lib/gcc/arm-none-eabi/10.3.1/../../../../arm-none-eabi/lib/thumb/v7e-m+fp/hard\libc_nano.a(lib_a-localeconv.o)
                0x00000000080114b4                _localeconv_r
 .text.malloc   0x00000000080114bc       0x10 c:/st/stm32cubeide_1.12.1/stm32cubeide/plugins/com.st.stm32cube.ide.mcu.externaltools.gnu-tools-for-stm32.10.3-2021.10.win32_1.0.200.202301161003/tools/bin/../lib/gcc/arm-none-eabi/10.3.1/../../../../arm-none-eabi/lib/thumb/v7e-m+fp/hard\libc_nano.a(lib_a-malloc.o)
                0x00000000080114bc                malloc
 .text.memcpy   0x00000000080114cc       0x1c c:/st/stm32cubeide_1.12.1/stm32cubeide/plugins/com.st.stm32cube.ide.mcu.externaltools.gnu-tools-for-stm32.10.3-2021.10.win32_1.0.200.202301161003/tools/bin/../lib/gcc/arm-none-eabi/10.3.1/../../../../arm-none-eabi/lib/thumb/v7e-m+fp/hard\libc_nano.a(lib_a-memcpy-stub.o)
                0x00000000080114cc                memcpy
 .text._Balloc  0x00000000080114e8       0x80 c:/st/stm32cubeide_1.12.1/stm32cubeide/plugins/com.st.stm32cube.ide.mcu.externaltools.gnu-tools-for-stm32.10.3-2021.10.win32_1.0.200.202301161003/tools/bin/../lib/gcc/arm-none-eabi/10.3.1/../../../../arm-none-eabi/lib/thumb/v7e-m+fp/hard\libc_nano.a(lib_a-mprec.o)
                0x00000000080114e8                _Balloc
 .text._Bfree   0x0000000008011568       0x44 c:/st/stm32cubeide_1.12.1/stm32cubeide/plugins/com.st.stm32cube.ide.mcu.externaltools.gnu-tools-for-stm32.10.3-2021.10.win32_1.0.200.202301161003/tools/bin/../lib/gcc/arm-none-eabi/10.3.1/../../../../arm-none-eabi/lib/thumb/v7e-m+fp/hard\libc_nano.a(lib_a-mprec.o)
                0x0000000008011568                _Bfree
 .text.__multadd
                0x00000000080115ac       0x8c c:/st/stm32cubeide_1.12.1/stm32cubeide/plugins/com.st.stm32cube.ide.mcu.externaltools.gnu-tools-for-stm32.10.3-2021.10.win32_1.0.200.202301161003/tools/bin/../lib/gcc/arm-none-eabi/10.3.1/../../../../arm-none-eabi/lib/thumb/v7e-m+fp/hard\libc_nano.a(lib_a-mprec.o)
                0x00000000080115ac                __multadd
 .text.__hi0bits
                0x0000000008011638       0x40 c:/st/stm32cubeide_1.12.1/stm32cubeide/plugins/com.st.stm32cube.ide.mcu.externaltools.gnu-tools-for-stm32.10.3-2021.10.win32_1.0.200.202301161003/tools/bin/../lib/gcc/arm-none-eabi/10.3.1/../../../../arm-none-eabi/lib/thumb/v7e-m+fp/hard\libc_nano.a(lib_a-mprec.o)
                0x0000000008011638                __hi0bits
 .text.__lo0bits
                0x0000000008011678       0x5e c:/st/stm32cubeide_1.12.1/stm32cubeide/plugins/com.st.stm32cube.ide.mcu.externaltools.gnu-tools-for-stm32.10.3-2021.10.win32_1.0.200.202301161003/tools/bin/../lib/gcc/arm-none-eabi/10.3.1/../../../../arm-none-eabi/lib/thumb/v7e-m+fp/hard\libc_nano.a(lib_a-mprec.o)
                0x0000000008011678                __lo0bits
 *fill*         0x00000000080116d6        0x2 
 .text.__i2b    0x00000000080116d8       0x2c c:/st/stm32cubeide_1.12.1/stm32cubeide/plugins/com.st.stm32cube.ide.mcu.externaltools.gnu-tools-for-stm32.10.3-2021.10.win32_1.0.200.202301161003/tools/bin/../lib/gcc/arm-none-eabi/10.3.1/../../../../arm-none-eabi/lib/thumb/v7e-m+fp/hard\libc_nano.a(lib_a-mprec.o)
                0x00000000080116d8                __i2b
 .text.__multiply
                0x0000000008011704      0x154 c:/st/stm32cubeide_1.12.1/stm32cubeide/plugins/com.st.stm32cube.ide.mcu.externaltools.gnu-tools-for-stm32.10.3-2021.10.win32_1.0.200.202301161003/tools/bin/../lib/gcc/arm-none-eabi/10.3.1/../../../../arm-none-eabi/lib/thumb/v7e-m+fp/hard\libc_nano.a(lib_a-mprec.o)
                0x0000000008011704                __multiply
 .text.__pow5mult
                0x0000000008011858       0xb4 c:/st/stm32cubeide_1.12.1/stm32cubeide/plugins/com.st.stm32cube.ide.mcu.externaltools.gnu-tools-for-stm32.10.3-2021.10.win32_1.0.200.202301161003/tools/bin/../lib/gcc/arm-none-eabi/10.3.1/../../../../arm-none-eabi/lib/thumb/v7e-m+fp/hard\libc_nano.a(lib_a-mprec.o)
                0x0000000008011858                __pow5mult
 .text.__lshift
                0x000000000801190c       0xe0 c:/st/stm32cubeide_1.12.1/stm32cubeide/plugins/com.st.stm32cube.ide.mcu.externaltools.gnu-tools-for-stm32.10.3-2021.10.win32_1.0.200.202301161003/tools/bin/../lib/gcc/arm-none-eabi/10.3.1/../../../../arm-none-eabi/lib/thumb/v7e-m+fp/hard\libc_nano.a(lib_a-mprec.o)
                0x000000000801190c                __lshift
 .text.__mcmp   0x00000000080119ec       0x38 c:/st/stm32cubeide_1.12.1/stm32cubeide/plugins/com.st.stm32cube.ide.mcu.externaltools.gnu-tools-for-stm32.10.3-2021.10.win32_1.0.200.202301161003/tools/bin/../lib/gcc/arm-none-eabi/10.3.1/../../../../arm-none-eabi/lib/thumb/v7e-m+fp/hard\libc_nano.a(lib_a-mprec.o)
                0x00000000080119ec                __mcmp
 .text.__mdiff  0x0000000008011a24      0x114 c:/st/stm32cubeide_1.12.1/stm32cubeide/plugins/com.st.stm32cube.ide.mcu.externaltools.gnu-tools-for-stm32.10.3-2021.10.win32_1.0.200.202301161003/tools/bin/../lib/gcc/arm-none-eabi/10.3.1/../../../../arm-none-eabi/lib/thumb/v7e-m+fp/hard\libc_nano.a(lib_a-mprec.o)
                0x0000000008011a24                __mdiff
 .text.__d2b    0x0000000008011b38       0xb8 c:/st/stm32cubeide_1.12.1/stm32cubeide/plugins/com.st.stm32cube.ide.mcu.externaltools.gnu-tools-for-stm32.10.3-2021.10.win32_1.0.200.202301161003/tools/bin/../lib/gcc/arm-none-eabi/10.3.1/../../../../arm-none-eabi/lib/thumb/v7e-m+fp/hard\libc_nano.a(lib_a-mprec.o)
                0x0000000008011b38                __d2b
 .text._calloc_r
                0x0000000008011bf0       0x2c c:/st/stm32cubeide_1.12.1/stm32cubeide/plugins/com.st.stm32cube.ide.mcu.externaltools.gnu-tools-for-stm32.10.3-2021.10.win32_1.0.200.202301161003/tools/bin/../lib/gcc/arm-none-eabi/10.3.1/../../../../arm-none-eabi/lib/thumb/v7e-m+fp/hard\libc_nano.a(lib_a-nano-callocr.o)
                0x0000000008011bf0                _calloc_r
 .text._free_r  0x0000000008011c1c       0x98 c:/st/stm32cubeide_1.12.1/stm32cubeide/plugins/com.st.stm32cube.ide.mcu.externaltools.gnu-tools-for-stm32.10.3-2021.10.win32_1.0.200.202301161003/tools/bin/../lib/gcc/arm-none-eabi/10.3.1/../../../../arm-none-eabi/lib/thumb/v7e-m+fp/hard\libc_nano.a(lib_a-nano-freer.o)
                0x0000000008011c1c                _free_r
 .text.sbrk_aligned
                0x0000000008011cb4       0x40 c:/st/stm32cubeide_1.12.1/stm32cubeide/plugins/com.st.stm32cube.ide.mcu.externaltools.gnu-tools-for-stm32.10.3-2021.10.win32_1.0.200.202301161003/tools/bin/../lib/gcc/arm-none-eabi/10.3.1/../../../../arm-none-eabi/lib/thumb/v7e-m+fp/hard\libc_nano.a(lib_a-nano-mallocr.o)
 .text._malloc_r
                0x0000000008011cf4       0xe8 c:/st/stm32cubeide_1.12.1/stm32cubeide/plugins/com.st.stm32cube.ide.mcu.externaltools.gnu-tools-for-stm32.10.3-2021.10.win32_1.0.200.202301161003/tools/bin/../lib/gcc/arm-none-eabi/10.3.1/../../../../arm-none-eabi/lib/thumb/v7e-m+fp/hard\libc_nano.a(lib_a-nano-mallocr.o)
                0x0000000008011cf4                _malloc_r
 .text.__ssputs_r
                0x0000000008011ddc       0xb6 c:/st/stm32cubeide_1.12.1/stm32cubeide/plugins/com.st.stm32cube.ide.mcu.externaltools.gnu-tools-for-stm32.10.3-2021.10.win32_1.0.200.202301161003/tools/bin/../lib/gcc/arm-none-eabi/10.3.1/../../../../arm-none-eabi/lib/thumb/v7e-m+fp/hard\libc_nano.a(lib_a-nano-svfprintf.o)
                0x0000000008011ddc                __ssputs_r
 *fill*         0x0000000008011e92        0x2 
 .text._svfprintf_r
                0x0000000008011e94      0x200 c:/st/stm32cubeide_1.12.1/stm32cubeide/plugins/com.st.stm32cube.ide.mcu.externaltools.gnu-tools-for-stm32.10.3-2021.10.win32_1.0.200.202301161003/tools/bin/../lib/gcc/arm-none-eabi/10.3.1/../../../../arm-none-eabi/lib/thumb/v7e-m+fp/hard\libc_nano.a(lib_a-nano-svfprintf.o)
                0x0000000008011e94                _svfiprintf_r
                0x0000000008011e94                _svfprintf_r
 .text._sbrk_r  0x0000000008012094       0x20 c:/st/stm32cubeide_1.12.1/stm32cubeide/plugins/com.st.stm32cube.ide.mcu.externaltools.gnu-tools-for-stm32.10.3-2021.10.win32_1.0.200.202301161003/tools/bin/../lib/gcc/arm-none-eabi/10.3.1/../../../../arm-none-eabi/lib/thumb/v7e-m+fp/hard\libc_nano.a(lib_a-sbrkr.o)
                0x0000000008012094                _sbrk_r
 .text.__assert_func
                0x00000000080120b4       0x3c c:/st/stm32cubeide_1.12.1/stm32cubeide/plugins/com.st.stm32cube.ide.mcu.externaltools.gnu-tools-for-stm32.10.3-2021.10.win32_1.0.200.202301161003/tools/bin/../lib/gcc/arm-none-eabi/10.3.1/../../../../arm-none-eabi/lib/thumb/v7e-m+fp/hard\libc_nano.a(lib_a-assert.o)
                0x00000000080120b4                __assert_func
 .text.fprintf  0x00000000080120f0       0x24 c:/st/stm32cubeide_1.12.1/stm32cubeide/plugins/com.st.stm32cube.ide.mcu.externaltools.gnu-tools-for-stm32.10.3-2021.10.win32_1.0.200.202301161003/tools/bin/../lib/gcc/arm-none-eabi/10.3.1/../../../../arm-none-eabi/lib/thumb/v7e-m+fp/hard\libc_nano.a(lib_a-fprintf.o)
                0x00000000080120f0                fiprintf
                0x00000000080120f0                fprintf
 .text.__ascii_mbtowc
                0x0000000008012114       0x24 c:/st/stm32cubeide_1.12.1/stm32cubeide/plugins/com.st.stm32cube.ide.mcu.externaltools.gnu-tools-for-stm32.10.3-2021.10.win32_1.0.200.202301161003/tools/bin/../lib/gcc/arm-none-eabi/10.3.1/../../../../arm-none-eabi/lib/thumb/v7e-m+fp/hard\libc_nano.a(lib_a-mbtowc_r.o)
                0x0000000008012114                __ascii_mbtowc
 .text.memmove  0x0000000008012138       0x34 c:/st/stm32cubeide_1.12.1/stm32cubeide/plugins/com.st.stm32cube.ide.mcu.externaltools.gnu-tools-for-stm32.10.3-2021.10.win32_1.0.200.202301161003/tools/bin/../lib/gcc/arm-none-eabi/10.3.1/../../../../arm-none-eabi/lib/thumb/v7e-m+fp/hard\libc_nano.a(lib_a-memmove.o)
                0x0000000008012138                memmove
 .text.__malloc_lock
                0x000000000801216c        0xc c:/st/stm32cubeide_1.12.1/stm32cubeide/plugins/com.st.stm32cube.ide.mcu.externaltools.gnu-tools-for-stm32.10.3-2021.10.win32_1.0.200.202301161003/tools/bin/../lib/gcc/arm-none-eabi/10.3.1/../../../../arm-none-eabi/lib/thumb/v7e-m+fp/hard\libc_nano.a(lib_a-mlock.o)
                0x000000000801216c                __malloc_lock
 .text.__malloc_unlock
                0x0000000008012178        0xc c:/st/stm32cubeide_1.12.1/stm32cubeide/plugins/com.st.stm32cube.ide.mcu.externaltools.gnu-tools-for-stm32.10.3-2021.10.win32_1.0.200.202301161003/tools/bin/../lib/gcc/arm-none-eabi/10.3.1/../../../../arm-none-eabi/lib/thumb/v7e-m+fp/hard\libc_nano.a(lib_a-mlock.o)
                0x0000000008012178                __malloc_unlock
 .text._realloc_r
                0x0000000008012184       0x5e c:/st/stm32cubeide_1.12.1/stm32cubeide/plugins/com.st.stm32cube.ide.mcu.externaltools.gnu-tools-for-stm32.10.3-2021.10.win32_1.0.200.202301161003/tools/bin/../lib/gcc/arm-none-eabi/10.3.1/../../../../arm-none-eabi/lib/thumb/v7e-m+fp/hard\libc_nano.a(lib_a-nano-reallocr.o)
                0x0000000008012184                _realloc_r
 .text.__sfputc_r
                0x00000000080121e2       0x2e c:/st/stm32cubeide_1.12.1/stm32cubeide/plugins/com.st.stm32cube.ide.mcu.externaltools.gnu-tools-for-stm32.10.3-2021.10.win32_1.0.200.202301161003/tools/bin/../lib/gcc/arm-none-eabi/10.3.1/../../../../arm-none-eabi/lib/thumb/v7e-m+fp/hard\libc_nano.a(lib_a-nano-vfprintf.o)
 .text.__sfputs_r
                0x0000000008012210       0x24 c:/st/stm32cubeide_1.12.1/stm32cubeide/plugins/com.st.stm32cube.ide.mcu.externaltools.gnu-tools-for-stm32.10.3-2021.10.win32_1.0.200.202301161003/tools/bin/../lib/gcc/arm-none-eabi/10.3.1/../../../../arm-none-eabi/lib/thumb/v7e-m+fp/hard\libc_nano.a(lib_a-nano-vfprintf.o)
                0x0000000008012210                __sfputs_r
 .text._vfprintf_r
                0x0000000008012234      0x260 c:/st/stm32cubeide_1.12.1/stm32cubeide/plugins/com.st.stm32cube.ide.mcu.externaltools.gnu-tools-for-stm32.10.3-2021.10.win32_1.0.200.202301161003/tools/bin/../lib/gcc/arm-none-eabi/10.3.1/../../../../arm-none-eabi/lib/thumb/v7e-m+fp/hard\libc_nano.a(lib_a-nano-vfprintf.o)
                0x0000000008012234                _vfprintf_r
                0x0000000008012234                _vfiprintf_r
 .text.__swbuf_r
                0x0000000008012494       0xa4 c:/st/stm32cubeide_1.12.1/stm32cubeide/plugins/com.st.stm32cube.ide.mcu.externaltools.gnu-tools-for-stm32.10.3-2021.10.win32_1.0.200.202301161003/tools/bin/../lib/gcc/arm-none-eabi/10.3.1/../../../../arm-none-eabi/lib/thumb/v7e-m+fp/hard\libc_nano.a(lib_a-wbuf.o)
                0x0000000008012494                __swbuf_r
 .text.__ascii_wctomb
                0x0000000008012538       0x1a c:/st/stm32cubeide_1.12.1/stm32cubeide/plugins/com.st.stm32cube.ide.mcu.externaltools.gnu-tools-for-stm32.10.3-2021.10.win32_1.0.200.202301161003/tools/bin/../lib/gcc/arm-none-eabi/10.3.1/../../../../arm-none-eabi/lib/thumb/v7e-m+fp/hard\libc_nano.a(lib_a-wctomb_r.o)
                0x0000000008012538                __ascii_wctomb
 *fill*         0x0000000008012552        0x2 
 .text.__swsetup_r
                0x0000000008012554       0xdc c:/st/stm32cubeide_1.12.1/stm32cubeide/plugins/com.st.stm32cube.ide.mcu.externaltools.gnu-tools-for-stm32.10.3-2021.10.win32_1.0.200.202301161003/tools/bin/../lib/gcc/arm-none-eabi/10.3.1/../../../../arm-none-eabi/lib/thumb/v7e-m+fp/hard\libc_nano.a(lib_a-wsetup.o)
                0x0000000008012554                __swsetup_r
 .text.abort    0x0000000008012630        0xe c:/st/stm32cubeide_1.12.1/stm32cubeide/plugins/com.st.stm32cube.ide.mcu.externaltools.gnu-tools-for-stm32.10.3-2021.10.win32_1.0.200.202301161003/tools/bin/../lib/gcc/arm-none-eabi/10.3.1/../../../../arm-none-eabi/lib/thumb/v7e-m+fp/hard\libc_nano.a(lib_a-abort.o)
                0x0000000008012630                abort
 *fill*         0x000000000801263e        0x2 
 .text.__sflush_r
                0x0000000008012640      0x10c c:/st/stm32cubeide_1.12.1/stm32cubeide/plugins/com.st.stm32cube.ide.mcu.externaltools.gnu-tools-for-stm32.10.3-2021.10.win32_1.0.200.202301161003/tools/bin/../lib/gcc/arm-none-eabi/10.3.1/../../../../arm-none-eabi/lib/thumb/v7e-m+fp/hard\libc_nano.a(lib_a-fflush.o)
                0x0000000008012640                __sflush_r
 .text._fflush_r
                0x000000000801274c       0x78 c:/st/stm32cubeide_1.12.1/stm32cubeide/plugins/com.st.stm32cube.ide.mcu.externaltools.gnu-tools-for-stm32.10.3-2021.10.win32_1.0.200.202301161003/tools/bin/../lib/gcc/arm-none-eabi/10.3.1/../../../../arm-none-eabi/lib/thumb/v7e-m+fp/hard\libc_nano.a(lib_a-fflush.o)
                0x000000000801274c                _fflush_r